To honour the JVM settings for this build a single-use Daemon process will be forked. For more on this, please refer to https://docs.gradle.org/9.7.0/userguide/gradle_daemon.html#sec:disabling_the_daemon in the Gradle documentation.
Daemon will be stopped at the end of the build 
> Task :generatePomFileForModPublication
> Task :generateForgeSrgMappings SKIPPED
> Task :compileInjectedInterfacesJava NO-SOURCE
> Task :extractDependencyATs SKIPPED
> Task :downloadVanillaJars SKIPPED
> Task :mergeVanillaSidedJars SKIPPED
> Task :deobfuscateMergedJarToSrg SKIPPED
> Task :downloadFernflower SKIPPED
> Task :decompileSrgJar SKIPPED
> Task :cleanupDecompSrgJar SKIPPED
> Task :patchDecompiledJar SKIPPED
> Task :applyJST SKIPPED
> Task :remapDecompiledJar SKIPPED
> Task :decompressDecompiledSources UP-TO-DATE
> Task :processInjectedInterfacesResources NO-SOURCE
> Task :injectedInterfacesClasses UP-TO-DATE
> Task :compilePatchedMcJava UP-TO-DATE
> Task :processPatchedMcResources UP-TO-DATE
> Task :patchedMcClasses UP-TO-DATE
> Task :compileApiJava NO-SOURCE
> Task :processApiResources NO-SOURCE
> Task :apiClasses UP-TO-DATE
> Task :injectTags UP-TO-DATE
> Task :compileInjectedTagsJava NO-SOURCE
> Task :extractNatives2 UP-TO-DATE
> Task :createMcLauncherFiles UP-TO-DATE
> Task :compileMcLauncherJava UP-TO-DATE
> Task :processInjectedTagsResources NO-SOURCE
> Task :injectedTagsClasses UP-TO-DATE
> Task :processMcLauncherResources NO-SOURCE
> Task :mcLauncherClasses UP-TO-DATE
> Task :compileJava UP-TO-DATE
> Task :processResources UP-TO-DATE
> Task :classes UP-TO-DATE
> Task :jar UP-TO-DATE
> Task :packageMcLauncher UP-TO-DATE
> Task :packagePatchedMc UP-TO-DATE
> Task :reobfJar UP-TO-DATE
> Task :sourcesJar UP-TO-DATE
> Task :publishModPublicationToGitHubPackagesRepository FAILED
gradle/actions: Writing build results to /home/runner/work/_temp/.gradle-actions/build-results/__run-1790325073497.json

FAILURE: Build failed with an exception.

* What went wrong:
Execution failed for task ':publishModPublicationToGitHubPackagesRepository' (registered by plugin 'org.gradle.maven-publish').
> Failed to publish publication 'mod' to repository 'GitHubPackages'
   > Could not PUT 'https://maven.pkg.github.com/RavoxX/MCVoice/io/github/ravoxx/mcvoice/voice-client-forge/0.1.0+mc1.12.2/voice-client-forge-0.1.0+mc1.12.2.jar'. Received status code 409 from server: Conflict

* Try:
> Run with --stacktrace option to get the stack trace.
> Run with --info or --debug option to get more log output.
> Run with --scan to get full insights from a Build Scan (powered by Develocity).
> Get more help at https://help.gradle.org.

BUILD FAILED in 8s
16 actionable tasks: 2 executed, 14 up-to-date
