To honour the JVM settings for this build a single-use Daemon process will be forked. For more on this, please refer to https://docs.gradle.org/9.8.0/userguide/gradle_daemon.html#sec:disabling_the_daemon in the Gradle documentation.
Daemon will be stopped at the end of the build 

> Configure project :
Fabric Loom: 1.18.2

> Task :compileJava
> Task :processResources
> Task :classes
> Task :jar
> Task :processIncludeJars
> Task :sourcesJar
> Task :compileTestJava NO-SOURCE
> Task :processTestResources NO-SOURCE
> Task :testClasses UP-TO-DATE
> Task :test NO-SOURCE
> Task :validateAccessWidener NO-SOURCE
> Task :check UP-TO-DATE
> Task :remapJar
> Task :remapSourcesJar
> Task :assemble
> Task :build
gradle/actions: Writing build results to /home/runner/work/_temp/.gradle-actions/build-results/build-1790425219236.json

BUILD SUCCESSFUL in 47s
7 actionable tasks: 7 executed
Consider enabling configuration cache to speed up this build: https://docs.gradle.org/9.8.0/userguide/configuration_cache_enabling.html
valid: mcvoice-0.1.2-mc1.16.5-fabric.jar (352 classes, 15 platform classes, metadata ['fabric.mod.json'])
  platform: dev/mcvoice/platform/fabric/McVoiceFabric
  platform: dev/mcvoice/platform/fabric/McVoiceFabric$FabricSvcChannels
  platform: dev/mcvoice/platform/mc/McAdapter
  platform: dev/mcvoice/platform/mc/McAdapter$1
  platform: dev/mcvoice/platform/mc/McAdapter$2
  platform: dev/mcvoice/platform/mc/McAdapter$3
  platform: dev/mcvoice/platform/mc/McAdapter$4
  platform: dev/mcvoice/platform/mc/McAdapter$5
  platform: dev/mcvoice/platform/mc/McCanvas
  platform: dev/mcvoice/platform/mc/McIds
  platform: dev/mcvoice/platform/mc/McLogging
  platform: dev/mcvoice/platform/mc/McLogging$1
  platform: dev/mcvoice/platform/mc/McScreen
  platform: dev/mcvoice/platform/mc/PlatformInfo
  platform: dev/mcvoice/platform/mc/ScreenHost
