To honour the JVM settings for this build a single-use Daemon process will be forked. For more on this, please refer to https://docs.gradle.org/8.8/userguide/gradle_daemon.html#sec:disabling_the_daemon in the Gradle documentation.
Daemon will be stopped at the end of the build 

> Configure project :
Architectury Loom: 0.10.0.5
:generating dummy intermediary
:generated dummy intermediary in 958.1 ms
:patching forge
:patched forge in 34.71 s
:patching jars
:patched jars in 8.765 s
:access transforming minecraft
[19:20:51] [main/INFO]: Access Transformer processor running version 3.0.1+61+master.47bca0e
[19:20:51] [main/INFO]: Command line arguments [--inJar, /home/runner/.gradle/caches/essential-loom/1.11.2/forge/1.11.2-13.20.1.2588/merged-patched.jar, --outJar, /home/runner/.gradle/caches/essential-loom/1.11.2/forge/1.11.2-13.20.1.2588/merged-at-patched.jar, --atFile, /tmp/at-conf6698111538894454356.cfg]
[19:20:51] [main/INFO]: Reading from /home/runner/.gradle/caches/essential-loom/1.11.2/forge/1.11.2-13.20.1.2588/merged-patched.jar
[19:20:51] [main/INFO]: Writing to /home/runner/.gradle/caches/essential-loom/1.11.2/forge/1.11.2-13.20.1.2588/merged-at-patched.jar
[19:20:51] [main/INFO]: Transformer file /tmp/at-conf6698111538894454356.cfg
[19:20:51] [main/WARN]: Found existing output jar /home/runner/.gradle/caches/essential-loom/1.11.2/forge/1.11.2-13.20.1.2588/merged-at-patched.jar, overwriting
[19:20:53] [main/INFO]: JAR transformation complete /home/runner/.gradle/caches/essential-loom/1.11.2/forge/1.11.2-13.20.1.2588/merged-at-patched.jar
:access transformed minecraft in 10.73 s
:remapping minecraft (TinyRemapper, official -> intermediary)
:remapped minecraft (TinyRemapper, official -> intermediary) in 1.832 s
:remapping minecraft (TinyRemapper, official -> srg)

Invalid access from method instruction in net/minecraft/client/network/NetHandlerPlayClient to package-private class net/minecraft/client/gui/MapItemRenderer$Instance after remapping.
Invalid access from method instruction in net/minecraft/client/network/NetHandlerPlayClient to package-private class net/minecraft/client/gui/MapItemRenderer$Instance after remapping.
Invalid access from method instruction in net/minecraft/client/network/NetHandlerPlayClient to package-private class net/minecraft/client/gui/MapItemRenderer$Instance after remapping.

> Configure project :
Fixing access for 1 classes and 0 members.
:remapped minecraft (TinyRemapper, official -> srg) in 1.557 s
:remapping minecraft (TinyRemapper, official -> named)

Invalid access from method instruction in net/minecraft/client/network/NetHandlerPlayClient to package-private class net/minecraft/client/gui/MapItemRenderer$Instance after remapping.
Invalid access from method instruction in net/minecraft/client/network/NetHandlerPlayClient to package-private class net/minecraft/client/gui/MapItemRenderer$Instance after remapping.
Invalid access from method instruction in net/minecraft/client/network/NetHandlerPlayClient to package-private class net/minecraft/client/gui/MapItemRenderer$Instance after remapping.

> Configure project :
Fixing access for 1 classes and 0 members.
:remapped minecraft (TinyRemapper, official -> named) in 1.248 s

> Task :compileJava
Note: SpongePowered MIXIN Annotation Processor Version=0.8.5
Note: Supported obfuscation types: ObfuscationServiceFabric supports [official:intermediary,official:named,intermediary:official,intermediary:named,named:official,named:intermediary] ObfuscationServiceMCP supports [searge,notch]
/home/runner/work/MCVoice/MCVoice/minecraft/forge/src-gen/java/dev/mcvoice/platform/mc/McCanvas.java:21: error: cannot find symbol
        font = mc.fontRendererObj;
                 ^
  symbol:   variable fontRendererObj
  location: variable mc of type Minecraft
Note: /home/runner/work/MCVoice/MCVoice/minecraft/forge/src-gen/java/dev/mcvoice/platform/forge/McVoiceForge.java uses or overrides a deprecated API.
Note: Recompile with -Xlint:deprecation for details.
1 error

> Task :compileJava FAILED
gradle/actions: Writing build results to /home/runner/work/_temp/.gradle-actions/build-results/build-1790277544951.json

FAILURE: Build failed with an exception.

* What went wrong:
Execution failed for task ':compileJava'.
> Compilation failed; see the compiler error output for details.

* Try:
> Run with --info option to get more log output.
> Run with --scan to get full insights.

* Exception is:
org.gradle.api.tasks.TaskExecutionException: Execution failed for task ':compileJava'.
	at org.gradle.api.internal.tasks.execution.ExecuteActionsTaskExecuter.lambda$executeIfValid$1(ExecuteActionsTaskExecuter.java:130)
	at org.gradle.internal.Try$Failure.ifSuccessfulOrElse(Try.java:282)
	at org.gradle.api.internal.tasks.execution.ExecuteActionsTaskExecuter.executeIfValid(ExecuteActionsTaskExecuter.java:128)
	at org.gradle.api.internal.tasks.execution.ExecuteActionsTaskExecuter.execute(ExecuteActionsTaskExecuter.java:116)
	at org.gradle.api.internal.tasks.execution.FinalizePropertiesTaskExecuter.execute(FinalizePropertiesTaskExecuter.java:46)
	at org.gradle.api.internal.tasks.execution.ResolveTaskExecutionModeExecuter.execute(ResolveTaskExecutionModeExecuter.java:51)
	at org.gradle.api.internal.tasks.execution.SkipTaskWithNoActionsExecuter.execute(SkipTaskWithNoActionsExecuter.java:57)
	at org.gradle.api.internal.tasks.execution.SkipOnlyIfTaskExecuter.execute(SkipOnlyIfTaskExecuter.java:74)
	at org.gradle.api.internal.tasks.execution.CatchExceptionTaskExecuter.execute(CatchExceptionTaskExecuter.java:36)
	at org.gradle.api.internal.tasks.execution.EventFiringTaskExecuter$1.executeTask(EventFiringTaskExecuter.java:77)
	at org.gradle.api.internal.tasks.execution.EventFiringTaskExecuter$1.call(EventFiringTaskExecuter.java:55)
	at org.gradle.api.internal.tasks.execution.EventFiringTaskExecuter$1.call(EventFiringTaskExecuter.java:52)
	at org.gradle.internal.operations.DefaultBuildOperationRunner$CallableBuildOperationWorker.execute(DefaultBuildOperationRunner.java:209)
	at org.gradle.internal.operations.DefaultBuildOperationRunner$CallableBuildOperationWorker.execute(DefaultBuildOperationRunner.java:204)
	at org.gradle.internal.operations.DefaultBuildOperationRunner$2.execute(DefaultBuildOperationRunner.java:66)
	at org.gradle.internal.operations.DefaultBuildOperationRunner$2.execute(DefaultBuildOperationRunner.java:59)
	at org.gradle.internal.operations.DefaultBuildOperationRunner.execute(DefaultBuildOperationRunner.java:166)
	at org.gradle.internal.operations.DefaultBuildOperationRunner.execute(DefaultBuildOperationRunner.java:59)
	at org.gradle.internal.operations.DefaultBuildOperationRunner.call(DefaultBuildOperationRunner.java:53)
	at org.gradle.api.internal.tasks.execution.EventFiringTaskExecuter.execute(EventFiringTaskExecuter.java:52)
	at org.gradle.execution.plan.LocalTaskNodeExecutor.execute(LocalTaskNodeExecutor.java:42)
	at org.gradle.execution.taskgraph.DefaultTaskExecutionGraph$InvokeNodeExecutorsAction.execute(DefaultTaskExecutionGraph.java:331)
	at org.gradle.execution.taskgraph.DefaultTaskExecutionGraph$InvokeNodeExecutorsAction.execute(DefaultTaskExecutionGraph.java:318)
	at org.gradle.execution.taskgraph.DefaultTaskExecutionGraph$BuildOperationAwareExecutionAction.lambda$execute$0(DefaultTaskExecutionGraph.java:314)
	at org.gradle.internal.operations.CurrentBuildOperationRef.with(CurrentBuildOperationRef.java:80)
	at org.gradle.execution.taskgraph.DefaultTaskExecutionGraph$BuildOperationAwareExecutionAction.execute(DefaultTaskExecutionGraph.java:314)
	at org.gradle.execution.taskgraph.DefaultTaskExecutionGraph$BuildOperationAwareExecutionAction.execute(DefaultTaskExecutionGraph.java:303)
	at org.gradle.execution.plan.DefaultPlanExecutor$ExecutorWorker.execute(DefaultPlanExecutor.java:463)
	at org.gradle.execution.plan.DefaultPlanExecutor$ExecutorWorker.run(DefaultPlanExecutor.java:380)
	at org.gradle.internal.concurrent.ExecutorPolicy$CatchAndRecordFailures.onExecute(ExecutorPolicy.java:64)
	at org.gradle.internal.concurrent.AbstractManagedExecutor$1.run(AbstractManagedExecutor.java:47)
Caused by: org.gradle.api.internal.tasks.compile.CompilationFailedException: Compilation failed; see the compiler error output for details.
	at org.gradle.api.internal.tasks.compile.JdkJavaCompiler.execute(JdkJavaCompiler.java:61)
	at org.gradle.api.internal.tasks.compile.JdkJavaCompiler.execute(JdkJavaCompiler.java:41)
	at org.gradle.api.internal.tasks.compile.daemon.AbstractIsolatedCompilerWorkerExecutor$CompilerWorkAction.execute(AbstractIsolatedCompilerWorkerExecutor.java:78)
	at org.gradle.workers.internal.DefaultWorkerServer.execute(DefaultWorkerServer.java:63)
	at org.gradle.workers.internal.AbstractClassLoaderWorker$1.create(AbstractClassLoaderWorker.java:54)
	at org.gradle.workers.internal.AbstractClassLoaderWorker$1.create(AbstractClassLoaderWorker.java:48)
	at org.gradle.internal.classloader.ClassLoaderUtils.executeInClassloader(ClassLoaderUtils.java:100)
	at org.gradle.workers.internal.AbstractClassLoaderWorker.executeInClassLoader(AbstractClassLoaderWorker.java:48)
	at org.gradle.workers.internal.FlatClassLoaderWorker.run(FlatClassLoaderWorker.java:32)
	at org.gradle.workers.internal.FlatClassLoaderWorker.run(FlatClassLoaderWorker.java:22)
	at org.gradle.workers.internal.WorkerDaemonServer.run(WorkerDaemonServer.java:102)
	at org.gradle.workers.internal.WorkerDaemonServer.run(WorkerDaemonServer.java:71)
	at org.gradle.process.internal.worker.request.WorkerAction$1.call(WorkerAction.java:146)
	at org.gradle.process.internal.worker.child.WorkerLogEventListener.withWorkerLoggingProtocol(WorkerLogEventListener.java:41)
	at org.gradle.process.internal.worker.request.WorkerAction.lambda$run$0(WorkerAction.java:143)
	at org.gradle.internal.operations.CurrentBuildOperationRef.with(CurrentBuildOperationRef.java:80)
	at org.gradle.process.internal.worker.request.WorkerAction.run(WorkerAction.java:135)
	at org.gradle.internal.dispatch.ReflectionDispatch.dispatch(ReflectionDispatch.java:36)
	at org.gradle.internal.dispatch.ReflectionDispatch.dispatch(ReflectionDispatch.java:24)
	at org.gradle.internal.remote.internal.hub.MessageHubBackedObjectConnection$DispatchWrapper.dispatch(MessageHubBackedObjectConnection.java:182)
	at org.gradle.internal.remote.internal.hub.MessageHubBackedObjectConnection$DispatchWrapper.dispatch(MessageHubBackedObjectConnection.java:164)
	at org.gradle.internal.remote.internal.hub.MessageHub$Handler.run(MessageHub.java:414)
	at org.gradle.internal.concurrent.ExecutorPolicy$CatchAndRecordFailures.onExecute(ExecutorPolicy.java:64)
	at org.gradle.internal.concurrent.AbstractManagedExecutor$1.run(AbstractManagedExecutor.java:47)


Deprecated Gradle features were used in this build, making it incompatible with Gradle 9.0.

You can use '--warning-mode all' to show the individual deprecation warnings and determine if they come from your own scripts or plugins.

For more on this, please refer to https://docs.gradle.org/8.8/userguide/command_line_interface.html#sec:command_line_warnings in the Gradle documentation.

BUILD FAILED in 2m 18s
1 actionable task: 1 executed
