Downloading https://services.gradle.org/distributions/gradle-9.8.0-bin.zip
..............10%..............20%...............30%..............40%...............50%..............60%...............70%..............80%...............90%..............100%

Welcome to Gradle 9.8.0!

Here are the highlights of this release:
 - Java 27 support
 - Maven mirror settings reuse
 - Linked problem locations in build output

For more details see https://docs.gradle.org/9.8.0/release-notes.html

To honour the JVM settings for this build a single-use Daemon process will be forked. For more on this, please refer to https://docs.gradle.org/9.8.0/userguide/gradle_daemon.html#sec:disabling_the_daemon in the Gradle documentation.
Daemon will be stopped at the end of the build 

> Configure project :fabric
Fabric Loom: 1.18.2

> Task :fabric:compileJava
> Task :fabric:processResources
> Task :fabric:classes
> Task :fabric:processIncludeJars
> Task :fabric:jar
> Task :fabric:sourcesJar
> Task :fabric:assemble
> Task :fabric:compileTestJava NO-SOURCE
> Task :fabric:processTestResources NO-SOURCE
> Task :fabric:testClasses UP-TO-DATE
> Task :fabric:test NO-SOURCE
> Task :fabric:validateAccessWidener NO-SOURCE
> Task :fabric:check UP-TO-DATE
> Task :fabric:build
gradle/actions: Writing build results to /home/runner/work/_temp/.gradle-actions/build-results/build-1790273678265.json

BUILD SUCCESSFUL in 1m 2s
5 actionable tasks: 5 executed
Consider enabling configuration cache to speed up this build: https://docs.gradle.org/9.8.0/userguide/configuration_cache_enabling.html
valid: mcvoice-0.1.0-mc26.3-fabric.jar (324 classes, metadata ['fabric.mod.json'])
