To honour the JVM settings for this build a single-use Daemon process will be forked. For more on this, please refer to https://docs.gradle.org/9.8.0/userguide/gradle_daemon.html#sec:disabling_the_daemon in the Gradle documentation.
Daemon will be stopped at the end of the build 

> Configure project :fabric
Fabric Loom: 1.18.2

> Configure project :forge
Minecraft Maven is up-to-date, took 0:00.757

> Task :forge:compileJava FROM-CACHE
> Task :forge:processResources
> Task :forge:classes
> Task :forge:jar
> Task :forge:sourcesJar
> Task :forge:assemble
> Task :forge:compileTestJava NO-SOURCE
> Task :forge:processTestResources NO-SOURCE
> Task :forge:testClasses UP-TO-DATE
> Task :forge:test NO-SOURCE
> Task :forge:check UP-TO-DATE
> Task :forge:build
gradle/actions: Writing build results to /home/runner/work/_temp/.gradle-actions/build-results/build-1790274718598.json

BUILD SUCCESSFUL in 11s
4 actionable tasks: 3 executed, 1 from cache
Consider enabling configuration cache to speed up this build: https://docs.gradle.org/9.8.0/userguide/configuration_cache_enabling.html
valid: mcvoice-0.1.0-mc26.3-forge.jar (326 classes, metadata ['META-INF/mods.toml'])
