Downloading mojang_1.18.2.jar
Applying patches
Starting org.bukkit.craftbukkit.Main
*** Warning, you've not updated in a while! ***
*** Please download a new build as per instructions from https://papermc.io/downloads ***
System Info: Java 21 (OpenJDK 64-Bit Server VM 21.0.12.1+1-LTS) Host: Linux 6.17.0-1022-azure (amd64)
Loading libraries, please wait...
2026-09-24 19:38:45,737 ServerMain WARN Advanced terminal features are not available in this environment
[19:38:50 INFO]: Environment: authHost='https://authserver.mojang.com', accountsHost='https://api.mojang.com', sessionHost='https://sessionserver.mojang.com', servicesHost='https://api.minecraftservices.com', name='PROD'
[19:38:50 INFO]: Found new data pack file/bukkit, loading it automatically
[19:38:51 INFO]: Loaded 7 recipes
[19:38:52 INFO]: Starting minecraft server version 1.18.2
[19:38:52 INFO]: Loading properties
[19:38:52 INFO]: This server is running Paper version git-Paper-388 (MC: 1.18.2) (Implementing API version 1.18.2-R0.1-SNAPSHOT) (Git: fc9ee65 on ver/1.18.2)
[19:38:52 INFO]: Server Ping Player Sample Count: 12
[19:38:52 INFO]: Using 4 threads for Netty based IO
[19:38:52 INFO]: Default game type: SURVIVAL
[19:38:52 INFO]: Generating keypair
[19:38:53 INFO]: Starting Minecraft server on *:25565
[19:38:53 INFO]: Using epoll channel type
[19:38:53 INFO]: Paper: Using libdeflate (Linux x86_64) compression from Velocity.
[19:38:53 INFO]: Paper: Using Java cipher from Velocity.
[19:38:53 INFO]: [voicechat] Loading voicechat v2.6.24
[19:38:53 WARN]: **** SERVER IS RUNNING IN OFFLINE/INSECURE MODE!
[19:38:53 WARN]: The server will make no attempt to authenticate usernames. Beware.
[19:38:53 WARN]: While this makes the game possible to play without internet access, it also opens up the ability for hackers to connect with any username they choose.
[19:38:53 WARN]: To change this, set "online-mode" to "true" in the server.properties file.
[19:38:53 INFO]: Preparing level "world"
[19:39:01 INFO]: Preparing start region for dimension minecraft:overworld
[19:39:01 INFO]: Preparing spawn area: 1%
[19:39:01 INFO]: Time elapsed: 125 ms
[19:39:01 INFO]: Preparing start region for dimension minecraft:the_nether
[19:39:01 INFO]: Time elapsed: 66 ms
[19:39:01 INFO]: Preparing start region for dimension minecraft:the_end
[19:39:01 INFO]: Time elapsed: 109 ms
[19:39:01 INFO]: [voicechat] Enabling voicechat v2.6.24
[19:39:01 INFO]: [voicechat] Initializing compatibility for version 1.18.2-R0.1
[19:39:01 INFO]: [voicechat] Compatibility version 20
[19:39:01 INFO]: [voicechat] Successfully initialized commodore command completion
[19:39:01 INFO]: Running delayed init tasks
[19:39:02 INFO]: [voicechat] Loading plugins
[19:39:02 INFO]: [voicechat] Loaded 0 plugin(s)
[19:39:02 INFO]: [voicechat] Initializing plugins
[19:39:02 INFO]: [voicechat] Initialized 0 plugin(s)
[19:39:02 WARN]: [voicechat] Running in offline mode - Voice chat encryption is not secure!
[19:39:02 INFO]: Done (9.236s)! For help, type "help"
[19:39:02 INFO]: Timings Reset
[19:39:02 INFO]: [voicechat] Voice chat server started at port 24454
[19:39:23 INFO]: UUID of player mcvoice_probe is 505ae21d-a3e5-3a31-941c-a3df5dab234e
[19:39:24 INFO]: mcvoice_probe joined the game
[19:39:24 INFO]: mcvoice_probe[/127.0.0.1:53716] logged in with entity id 82 at ([world]-37.5, 89.0, -13.5)
[19:39:24 INFO]: [voicechat] Received secret request of mcvoice_probe (20)
[19:39:24 INFO]: [voicechat] Sent secret to mcvoice_probe
[19:39:24 INFO]: [voicechat] Successfully authenticated player 505ae21d-a3e5-3a31-941c-a3df5dab234e
[19:39:25 INFO]: [voicechat] Successfully validated connection of player 505ae21d-a3e5-3a31-941c-a3df5dab234e
[19:39:25 INFO]: [voicechat] Player mcvoice_probe (505ae21d-a3e5-3a31-941c-a3df5dab234e) successfully connected to voice chat
[19:39:30 INFO]: mcvoice_probe lost connection: Disconnected
[19:39:30 INFO]: [voicechat] Disconnecting client mcvoice_probe
[19:39:30 INFO]: mcvoice_probe left the game
