To honour the JVM settings for this build a single-use Daemon process will be forked. For more on this, please refer to https://docs.gradle.org/8.8/userguide/gradle_daemon.html#sec:disabling_the_daemon in the Gradle documentation.
Daemon will be stopped at the end of the build 

> Configure project :
Architectury Loom: 0.10.0.5
:generating dummy intermediary
:generated dummy intermediary in 857.0 ms
:patching forge
:patched forge in 529.2 ms
:patching jars
:patched jars in 7.682 s
:access transforming minecraft
[19:29:10] [main/INFO]: Access Transformer processor running version 3.0.1+61+master.47bca0e
[19:29:10] [main/INFO]: Command line arguments [--inJar, /home/runner/.gradle/caches/essential-loom/1.11/forge/1.11-13.19.1.2189/merged-patched.jar, --outJar, /home/runner/.gradle/caches/essential-loom/1.11/forge/1.11-13.19.1.2189/merged-at-patched.jar, --atFile, /tmp/at-conf17921058133175629941.cfg]
[19:29:10] [main/INFO]: Reading from /home/runner/.gradle/caches/essential-loom/1.11/forge/1.11-13.19.1.2189/merged-patched.jar
[19:29:10] [main/INFO]: Writing to /home/runner/.gradle/caches/essential-loom/1.11/forge/1.11-13.19.1.2189/merged-at-patched.jar
[19:29:10] [main/INFO]: Transformer file /tmp/at-conf17921058133175629941.cfg
[19:29:10] [main/WARN]: Found existing output jar /home/runner/.gradle/caches/essential-loom/1.11/forge/1.11-13.19.1.2189/merged-at-patched.jar, overwriting
[19:29:12] [main/INFO]: JAR transformation complete /home/runner/.gradle/caches/essential-loom/1.11/forge/1.11-13.19.1.2189/merged-at-patched.jar
:access transformed minecraft in 2.683 s
:remapping minecraft (TinyRemapper, official -> intermediary)
:remapped minecraft (TinyRemapper, official -> intermediary) in 1.933 s
:remapping minecraft (TinyRemapper, official -> srg)

Invalid access from method instruction in net/minecraft/client/network/NetHandlerPlayClient to package-private class net/minecraft/client/gui/MapItemRenderer$Instance after remapping.
Invalid access from method instruction in net/minecraft/client/network/NetHandlerPlayClient to package-private class net/minecraft/client/gui/MapItemRenderer$Instance after remapping.
Invalid access from method instruction in net/minecraft/client/network/NetHandlerPlayClient to package-private class net/minecraft/client/gui/MapItemRenderer$Instance after remapping.

> Configure project :
Fixing access for 1 classes and 0 members.
:remapped minecraft (TinyRemapper, official -> srg) in 1.904 s
:remapping minecraft (TinyRemapper, official -> named)

Invalid access from method instruction in net/minecraft/client/network/NetHandlerPlayClient to package-private class net/minecraft/client/gui/MapItemRenderer$Instance after remapping.
Invalid access from method instruction in net/minecraft/client/network/NetHandlerPlayClient to package-private class net/minecraft/client/gui/MapItemRenderer$Instance after remapping.
Invalid access from method instruction in net/minecraft/client/network/NetHandlerPlayClient to package-private class net/minecraft/client/gui/MapItemRenderer$Instance after remapping.

> Configure project :
Fixing access for 1 classes and 0 members.
:remapped minecraft (TinyRemapper, official -> named) in 1.478 s
