To honour the JVM settings for this build a single-use Daemon process will be forked. For more on this, please refer to https://docs.gradle.org/9.8.0/userguide/gradle_daemon.html#sec:disabling_the_daemon in the Gradle documentation.
Daemon will be stopped at the end of the build 

> Configure project :
Fabric Loom: 1.18.2

> Task :compileJava FROM-CACHE
> Task :processResources
> Task :classes
> Task :jar
> Task :processIncludeJars
> Task :remapJar FROM-CACHE
> Task :sourcesJar
> Task :remapSourcesJar FROM-CACHE
> Task :assemble
> Task :compileTestJava NO-SOURCE
> Task :processTestResources NO-SOURCE
> Task :testClasses UP-TO-DATE
> Task :test NO-SOURCE
> Task :validateAccessWidener NO-SOURCE
> Task :check UP-TO-DATE
> Task :build
gradle/actions: Writing build results to /home/runner/work/_temp/.gradle-actions/build-results/build-1790275960444.json

BUILD SUCCESSFUL in 30s
7 actionable tasks: 4 executed, 3 from cache
Consider enabling configuration cache to speed up this build: https://docs.gradle.org/9.8.0/userguide/configuration_cache_enabling.html
valid: mcvoice-0.1.0-mc1.20.1-fabric.jar (327 classes, metadata ['fabric.mod.json'])
