To honour the JVM settings for this build a single-use Daemon process will be forked. For more on this, please refer to https://docs.gradle.org/8.8/userguide/gradle_daemon.html#sec:disabling_the_daemon in the Gradle documentation.
Daemon will be stopped at the end of the build 

> Task :compileJava
/home/runner/work/MCVoice/MCVoice/minecraft/forge/src-gen/java/dev/mcvoice/platform/forge/McVoiceForge.java:72: warning: [removal] get() in FMLJavaModLoadingContext has been deprecated and marked for removal
        IEventBus modBus = FMLJavaModLoadingContext.get().getModEventBus();
                                                   ^
/home/runner/work/MCVoice/MCVoice/minecraft/forge/src-gen/java/dev/mcvoice/platform/mc/McIds.java:32: warning: [removal] ResourceLocation(String,String) in ResourceLocation has been deprecated and marked for removal
        return new ResourceLocation(namespace, path);
               ^
/home/runner/work/MCVoice/MCVoice/minecraft/forge/src-gen/java/dev/mcvoice/platform/mc/McIds.java:36: warning: [removal] ResourceLocation(String) in ResourceLocation has been deprecated and marked for removal
        return new ResourceLocation(id);
               ^
3 warnings

> Task :processResources
> Task :classes
> Task :jar
> Task :downloadMcpConfig
> Task :extractSrg
> Task :createMcpToSrg
> Task :reobfJar
> Task :jarJar SKIPPED
> Task :reobfJarJar SKIPPED
> Task :sourcesJar
> Task :assemble
> Task :compileTestJava NO-SOURCE
> Task :processTestResources NO-SOURCE
> Task :testClasses UP-TO-DATE
> Task :test NO-SOURCE
> Task :check UP-TO-DATE
> Task :build
gradle/actions: Writing build results to /home/runner/work/_temp/.gradle-actions/build-results/build-1790279794638.json

BUILD SUCCESSFUL in 54s
8 actionable tasks: 8 executed
valid: mcvoice-0.1.0-mc1.20.1-forge.jar (327 classes, 15 platform classes, metadata ['META-INF/mods.toml'])
  platform: dev/mcvoice/platform/forge/McVoiceForge
  platform: dev/mcvoice/platform/forge/McVoiceForge$ForgeSvcChannels
  platform: dev/mcvoice/platform/mc/McAdapter
  platform: dev/mcvoice/platform/mc/McAdapter$1
  platform: dev/mcvoice/platform/mc/McAdapter$2
  platform: dev/mcvoice/platform/mc/McAdapter$3
  platform: dev/mcvoice/platform/mc/McAdapter$4
  platform: dev/mcvoice/platform/mc/McAdapter$5
  platform: dev/mcvoice/platform/mc/McCanvas
  platform: dev/mcvoice/platform/mc/McIds
  platform: dev/mcvoice/platform/mc/McLogging
  platform: dev/mcvoice/platform/mc/McLogging$1
  platform: dev/mcvoice/platform/mc/McScreen
  platform: dev/mcvoice/platform/mc/PlatformInfo
  platform: dev/mcvoice/platform/mc/ScreenHost
