Downloading mojang_1.21.4.jar
Applying patches
Starting org.bukkit.craftbukkit.Main
*** Warning, you've not updated in a while! ***
*** Please download a new build from https://papermc.io/downloads/paper ***
2026-09-28T10:56:44.448744989Z ServerMain WARN Advanced terminal features are not available in this environment
[10:56:44 INFO]: [bootstrap] Running Java 21 (OpenJDK 64-Bit Server VM 21.0.12.1+1-LTS; Eclipse Adoptium Temurin-21.0.12.1+1) on Linux 6.17.0-1022-azure (amd64)
[10:56:44 INFO]: [bootstrap] Loading Paper 1.21.4-232-ver/1.21.4@12d8fe0 (2025-06-09T10:15:42Z) for Minecraft 1.21.4
[10:56:45 INFO]: [PluginInitializerManager] Initializing plugins...
[10:56:45 INFO]: [ReobfServer] Remapping server...
[10:56:51 INFO]: [ReobfServer] Done remapping server in 5982ms.
[10:56:51 INFO]: [PluginRemapper] Remapping plugin 'plugins/voicechat-bukkit.jar'...
[10:56:52 INFO]: [PluginRemapper] Done remapping plugin 'plugins/voicechat-bukkit.jar' in 345ms.
[10:56:52 INFO]: [PluginInitializerManager] Initialized 1 plugin
[10:56:52 INFO]: [PluginInitializerManager] Bukkit plugins (1):
 - voicechat (2.6.24)
[10:56:56 INFO]: Environment: Environment[sessionHost=https://sessionserver.mojang.com, servicesHost=https://api.minecraftservices.com, name=PROD]
[10:56:56 INFO]: Found new data pack file/bukkit, loading it automatically
[10:56:56 INFO]: Found new data pack paper, loading it automatically
[10:56:57 INFO]: No existing world data, creating new world
[10:56:57 ERROR]: No key layers in MapLike[{}]
[10:56:58 INFO]: Loaded 1370 recipes
[10:56:58 INFO]: Loaded 1481 advancements
[10:56:58 INFO]: [MCTypeRegistry] Initialising converters for DataConverter...
[10:56:58 INFO]: [MCTypeRegistry] Finished initialising converters for DataConverter in 291.0ms
[10:56:58 INFO]: Starting minecraft server version 1.21.4
[10:56:58 INFO]: Loading properties
[10:56:58 INFO]: This server is running Paper version 1.21.4-232-ver/1.21.4@12d8fe0 (2025-06-09T10:15:42Z) (Implementing API version 1.21.4-R0.1-SNAPSHOT)
[10:56:58 INFO]: [spark] This server bundles the spark profiler. For more information please visit https://docs.papermc.io/paper/profiling
[10:56:58 INFO]: Server Ping Player Sample Count: 12
[10:56:58 INFO]: Using 4 threads for Netty based IO
[10:56:59 INFO]: [MoonriseCommon] Paper is using 1 worker threads, 1 I/O threads
[10:56:59 INFO]: [ChunkTaskScheduler] Chunk system is using population gen parallelism: true
[10:56:59 INFO]: Default game type: SURVIVAL
[10:56:59 INFO]: Generating keypair
[10:56:59 INFO]: Starting Minecraft server on *:25565
[10:56:59 INFO]: Using epoll channel type
[10:56:59 INFO]: Paper: Using libdeflate (Linux x86_64) compression from Velocity.
[10:56:59 INFO]: Paper: Using OpenSSL 3.x.x (Linux x86_64) cipher from Velocity.
[10:56:59 INFO]: [voicechat] Loading server plugin voicechat v2.6.24
[10:56:59 WARN]: **** SERVER IS RUNNING IN OFFLINE/INSECURE MODE!
[10:56:59 WARN]: The server will make no attempt to authenticate usernames. Beware.
[10:56:59 WARN]: While this makes the game possible to play without internet access, it also opens up the ability for hackers to connect with any username they choose.
[10:56:59 WARN]: To change this, set "online-mode" to "true" in the server.properties file.
[10:56:59 INFO]: Preparing level "world"
[10:56:59 ERROR]: No key layers in MapLike[{}]
[10:57:00 ERROR]: No key layers in MapLike[{}]
[10:57:01 ERROR]: No key layers in MapLike[{}]
[10:57:01 INFO]: Preparing start region for dimension minecraft:overworld
[10:57:01 INFO]: Preparing spawn area: 2%
[10:57:01 INFO]: Time elapsed: 187 ms
[10:57:01 INFO]: Preparing start region for dimension minecraft:the_nether
[10:57:01 INFO]: Preparing spawn area: 6%
[10:57:02 INFO]: Preparing spawn area: 10%
[10:57:02 INFO]: Preparing spawn area: 38%
[10:57:03 INFO]: Preparing spawn area: 63%
[10:57:03 INFO]: Time elapsed: 1698 ms
[10:57:03 INFO]: Preparing start region for dimension minecraft:the_end
[10:57:03 INFO]: Preparing spawn area: 2%
[10:57:04 INFO]: Preparing spawn area: 61%
[10:57:04 INFO]: Time elapsed: 539 ms
[10:57:04 INFO]: [voicechat] Enabling voicechat v2.6.24
[10:57:04 INFO]: [voicechat] Initializing compatibility for version 1.21.4-R0.1
[10:57:04 INFO]: [voicechat] Compatibility version 20
[10:57:04 INFO]: [voicechat] Successfully initialized commodore command completion
[10:57:04 INFO]: [spark] Starting background profiler...
[10:57:05 INFO]: Done preparing level "world" (5.900s)
[10:57:05 INFO]: Running delayed init tasks
[10:57:05 INFO]: Done (22.676s)! For help, type "help"
[10:57:05 INFO]: *************************************************************************************
[10:57:05 INFO]: This is the first time you're starting this server.
[10:57:05 INFO]: It's recommended you read our 'Getting Started' documentation for guidance.
[10:57:05 INFO]: View this and more helpful information here: https://docs.papermc.io/paper/next-steps
[10:57:05 INFO]: *************************************************************************************
[10:57:05 INFO]: [voicechat] Loading plugins
[10:57:05 INFO]: [voicechat] Loaded 0 plugin(s)
[10:57:05 INFO]: [voicechat] Initializing plugins
[10:57:05 INFO]: [voicechat] Initialized 0 plugin(s)
[10:57:05 WARN]: [voicechat] Running in offline mode - Voice chat encryption is not secure!
[10:57:05 INFO]: [voicechat] Voice chat server started at port 24454
[10:57:17 INFO]: UUID of player mcvoice_probe is 505ae21d-a3e5-3a31-941c-a3df5dab234e
[10:57:17 INFO]: mcvoice_probe joined the game
[10:57:18 INFO]: mcvoice_probe[/127.0.0.1:41328] logged in with entity id 35 at ([world]-7.5, -60.0, 3.5)
[10:57:18 INFO]: [voicechat] Received secret request of mcvoice_probe (20)
[10:57:18 INFO]: [voicechat] Sent secret to mcvoice_probe
[10:57:18 INFO]: [voicechat] Successfully authenticated player 505ae21d-a3e5-3a31-941c-a3df5dab234e
[10:57:18 INFO]: [voicechat] Successfully validated connection of player 505ae21d-a3e5-3a31-941c-a3df5dab234e
[10:57:18 INFO]: [voicechat] Player mcvoice_probe (505ae21d-a3e5-3a31-941c-a3df5dab234e) successfully connected to voice chat
[10:57:23 INFO]: mcvoice_probe lost connection: Disconnected
[10:57:23 INFO]: [voicechat] Disconnecting client mcvoice_probe
[10:57:23 INFO]: mcvoice_probe left the game
