Downloading mojang_1.20.1.jar
Applying patches
Starting org.bukkit.craftbukkit.Main
*** Warning, you've not updated in a while! ***
*** Please download a new build as per instructions from https://papermc.io/downloads/paper ***
System Info: Java 21 (OpenJDK 64-Bit Server VM 21.0.12.1+1-LTS) Host: Linux 6.17.0-1022-azure (amd64)
Loading libraries, please wait...
2026-09-24 19:38:36,131 ServerMain WARN Advanced terminal features are not available in this environment
[19:38:42 INFO]: Environment: authHost='https://authserver.mojang.com', accountsHost='https://api.mojang.com', sessionHost='https://sessionserver.mojang.com', servicesHost='https://api.minecraftservices.com', name='PROD'
[19:38:43 INFO]: Found new data pack file/bukkit, loading it automatically
[19:38:43 ERROR]: No key layers in MapLike[{}]
[19:38:44 INFO]: Loaded 7 recipes
[19:38:44 INFO]: Starting minecraft server version 1.20.1
[19:38:44 INFO]: Loading properties
[19:38:45 INFO]: This server is running Paper version git-Paper-196 (MC: 1.20.1) (Implementing API version 1.20.1-R0.1-SNAPSHOT) (Git: 773dd72)
[19:38:45 INFO]: Server Ping Player Sample Count: 12
[19:38:45 INFO]: Using 4 threads for Netty based IO
[19:38:45 INFO]: [ChunkTaskScheduler] Chunk system is using 1 I/O threads, 1 worker threads, and gen parallelism of 1 threads
[19:38:45 WARN]: [!] The timings profiler has been enabled but has been scheduled for removal from Paper in the future.
    We recommend installing the spark profiler as a replacement: https://spark.lucko.me/
    For more information please visit: https://github.com/PaperMC/Paper/issues/8948
[19:38:46 INFO]: Default game type: SURVIVAL
[19:38:46 INFO]: Generating keypair
[19:38:46 INFO]: Starting Minecraft server on *:25565
[19:38:46 INFO]: Using epoll channel type
[19:38:46 INFO]: Paper: Using libdeflate (Linux x86_64) compression from Velocity.
[19:38:46 INFO]: Paper: Using OpenSSL 3.0.x (Linux x86_64) cipher from Velocity.
[19:38:46 INFO]: [voicechat] Loading server plugin voicechat v2.6.24
[19:38:46 WARN]: **** SERVER IS RUNNING IN OFFLINE/INSECURE MODE!
[19:38:46 WARN]: The server will make no attempt to authenticate usernames. Beware.
[19:38:46 WARN]: While this makes the game possible to play without internet access, it also opens up the ability for hackers to connect with any username they choose.
[19:38:46 WARN]: To change this, set "online-mode" to "true" in the server.properties file.
[19:38:46 INFO]: Preparing level "world"
[19:38:46 ERROR]: No key layers in MapLike[{}]
[19:38:47 ERROR]: No key layers in MapLike[{}]
[19:38:48 ERROR]: No key layers in MapLike[{}]
[19:38:49 INFO]: Preparing start region for dimension minecraft:overworld
[19:38:49 INFO]: Time elapsed: 44 ms
[19:38:49 INFO]: Preparing start region for dimension minecraft:the_nether
[19:38:49 INFO]: Time elapsed: 26 ms
[19:38:49 INFO]: Preparing start region for dimension minecraft:the_end
[19:38:49 INFO]: Time elapsed: 18 ms
[19:38:49 INFO]: [voicechat] Enabling voicechat v2.6.24
[19:38:49 INFO]: [voicechat] Initializing compatibility for version 1.20.1-R0.1
[19:38:49 INFO]: [voicechat] Compatibility version 20
[19:38:49 INFO]: [voicechat] Successfully initialized commodore command completion
[19:38:49 INFO]: Running delayed init tasks
[19:38:49 INFO]: Done (4.580s)! For help, type "help"
[19:38:49 INFO]: Timings Reset
[19:38:49 INFO]: [voicechat] Loading plugins
[19:38:49 INFO]: [voicechat] Loaded 0 plugin(s)
[19:38:49 INFO]: [voicechat] Initializing plugins
[19:38:49 INFO]: [voicechat] Initialized 0 plugin(s)
[19:38:49 WARN]: [voicechat] Running in offline mode - Voice chat encryption is not secure!
[19:38:49 INFO]: [voicechat] Voice chat server started at port 24454
[19:39:07 INFO]: UUID of player mcvoice_probe is 505ae21d-a3e5-3a31-941c-a3df5dab234e
[19:39:07 INFO]: mcvoice_probe joined the game
[19:39:07 INFO]: mcvoice_probe[/127.0.0.1:54302] logged in with entity id 23 at ([world]-8.5, -60.0, -0.5)
[19:39:07 INFO]: [voicechat] Received secret request of mcvoice_probe (20)
[19:39:07 INFO]: [voicechat] Sent secret to mcvoice_probe
[19:39:07 INFO]: [voicechat] Successfully authenticated player 505ae21d-a3e5-3a31-941c-a3df5dab234e
[19:39:08 INFO]: [voicechat] Successfully validated connection of player 505ae21d-a3e5-3a31-941c-a3df5dab234e
[19:39:08 INFO]: [voicechat] Player mcvoice_probe (505ae21d-a3e5-3a31-941c-a3df5dab234e) successfully connected to voice chat
[19:39:13 INFO]: mcvoice_probe lost connection: Disconnected
[19:39:13 INFO]: [voicechat] Disconnecting client mcvoice_probe
[19:39:13 INFO]: mcvoice_probe left the game
