To honour the JVM settings for this build a single-use Daemon process will be forked. For more on this, please refer to https://docs.gradle.org/9.8.0/userguide/gradle_daemon.html#sec:disabling_the_daemon in the Gradle documentation.
Daemon will be stopped at the end of the build 

> Configure project :
Fabric Loom: 1.18.2
~~~~~~~~~~~~~~~~~~~~~~~~~~~~~~~~~~~~~~~~~~~~~~~~~~~~~~~~~~~~~~
Using of the official minecraft mappings is at your own risk!
Please make sure to read and understand the following license:
~~~~~~~~~~~~~~~~~~~~~~~~~~~~~~~~~~~~~~~~~~~~~~~~~~~~~~~~~~~~~~
# (c) 2020 Microsoft Corporation. These mappings are provided "as-is" and you bear the risk of using them. You may copy and use the mappings for development purposes, but you may not redistribute the mappings complete and unmodified. Microsoft makes no warranties, express or implied, with respect to the mappings provided here.  Use and modification of this document or the source code (in any form) of Minecraft: Java Edition is governed by the Minecraft End User License Agreement available at https://account.mojang.com/documents/minecraft_eula.
~~~~~~~~~~~~~~~~~~~~~~~~~~~~~~~~~~~~~~~~~~~~~~~~~~~~~~~~~~~~~~

duplicate input class net/fabricmc/fabric/mixin/tag/package-info, from /home/runner/.gradle/caches/modules-2/files-2.1/net.fabricmc.fabric-api/fabric-convention-tags-v2/2.12.0+c3656daa19/45cd5f071ec42e13b8b6ce15c8f83db322da2494/fabric-convention-tags-v2-2.12.0+c3656daa19.jar and /home/runner/.gradle/caches/modules-2/files-2.1/net.fabricmc.fabric-api/fabric-tag-api-v1/1.3.0+1eb36c0719/ba08d91572b12cd23a2d7a193ed45c26f8da62b0/fabric-tag-api-v1-1.3.0+1eb36c0719.jar

> Task :compileJava
> Task :processResources
> Task :classes
> Task :jar
> Task :processIncludeJars
> Task :sourcesJar
> Task :compileTestJava NO-SOURCE
> Task :processTestResources NO-SOURCE
> Task :testClasses UP-TO-DATE
> Task :test NO-SOURCE
> Task :validateAccessWidener NO-SOURCE
> Task :check UP-TO-DATE
> Task :remapJar
> Task :remapSourcesJar
> Task :assemble
> Task :build
gradle/actions: Writing build results to /home/runner/work/_temp/.gradle-actions/build-results/build-1790277051938.json

BUILD SUCCESSFUL in 1m 6s
7 actionable tasks: 7 executed
Consider enabling configuration cache to speed up this build: https://docs.gradle.org/9.8.0/userguide/configuration_cache_enabling.html
valid: mcvoice-0.1.0-mc1.21.1-fabric.jar (327 classes, 16 platform classes, metadata ['fabric.mod.json'])
  platform: dev/mcvoice/platform/fabric/McVoiceFabric
  platform: dev/mcvoice/platform/fabric/McVoiceFabric$FabricSvcChannels
  platform: dev/mcvoice/platform/mc/McAdapter
  platform: dev/mcvoice/platform/mc/McAdapter$1
  platform: dev/mcvoice/platform/mc/McAdapter$2
  platform: dev/mcvoice/platform/mc/McAdapter$3
  platform: dev/mcvoice/platform/mc/McAdapter$4
  platform: dev/mcvoice/platform/mc/McAdapter$5
  platform: dev/mcvoice/platform/mc/McCanvas
  platform: dev/mcvoice/platform/mc/McIds
  platform: dev/mcvoice/platform/mc/McLogging
  platform: dev/mcvoice/platform/mc/McLogging$1
  platform: dev/mcvoice/platform/mc/McScreen
  platform: dev/mcvoice/platform/mc/PlatformInfo
  platform: dev/mcvoice/platform/mc/RawPayload
  platform: dev/mcvoice/platform/mc/ScreenHost
