To honour the JVM settings for this build a single-use Daemon process will be forked. For more on this, please refer to https://docs.gradle.org/9.8.0/userguide/gradle_daemon.html#sec:disabling_the_daemon in the Gradle documentation.
Daemon will be stopped at the end of the build 
Configuration on demand is an incubating feature.

> Configure project :forge
Minecraft Mavenizer 0.5.21 by Forge Development LLC
  Output:             /home/runner/work/MCVoice/MCVoice/minecraft/.gradle/mavenizer/repo
  Output JSON:        /home/runner/work/MCVoice/MCVoice/minecraft/.gradle/mavenizer/dependencies/default.json
  Dependencies Only:  false
  Cache:              /home/runner/.gradle/caches/minecraftforge/forgegradle/mavenizer/caches
  JDK Cache:          /home/runner/.gradle/caches/minecraftforge/forgegradle/mavenizer/caches
  Offline:            false
  Cache Only:         false
  Ignore Cache:       false
  Mappings:           official-1.21.10
  Foreign Repos:      [https://repo.maven.apache.org/maven2/, https://maven.minecraftforge.net/, https://libraries.minecraft.net/]
  GradleVariantHack:  true
  Disable Gradle:     false
  Stub Jars:          false

Processing Minecraft dependency: net.minecraftforge:forge:1.21.10-60.1.0
Processing Minecraft Forge (userdev): 1.21.10-60.1.0
  Cache miss!
  java.lang.Exception: Cache miss! Stacktrace for Information Only
  	at net.minecraftforge.mcmaven.impl.Mavenizer.assertNotCacheOnly(Mavenizer.java:60)
  	at net.minecraftforge.mcmaven.impl.cache.MavenCache.download(MavenCache.java:271)
  	at net.minecraftforge.mcmaven.impl.cache.MavenCache.download(MavenCache.java:101)
  	at net.minecraftforge.mcmaven.impl.repo.forge.Patcher.<init>(Patcher.java:94)
  	at net.minecraftforge.mcmaven.impl.repo.forge.ForgeRepo.processV3(ForgeRepo.java:257)
  	at net.minecraftforge.mcmaven.impl.repo.forge.ForgeRepo.process(ForgeRepo.java:144)
  	at net.minecraftforge.mcmaven.impl.MinecraftMaven.createForge(MinecraftMaven.java:240)
  	at net.minecraftforge.mcmaven.impl.MinecraftMaven.run(MinecraftMaven.java:119)
  	at net.minecraftforge.mcmaven.cli.MavenTask.run(MavenTask.java:218)
  	at net.minecraftforge.mcmaven.cli.Main.run(Main.java:70)
  	at net.minecraftforge.mcmaven.cli.Main.main(Main.java:23)
Mappings Zip
  extract[mappings]
  downloadLauncherManifest
  downloadVersionJson[1.21.10]
  download[1.21.10][client_mappings]
  mergeMappings
  download[1.21.10][server_mappings]
  srg2names[official-1.21.10]
Mappings POM
  pom[mappings_official]
Mappings map2obf
  mapped2obf[official-1.21.10]
Mappings map2srg
  mapped2srg[official-1.21.10]
Client Extra
  download[1.21.10][client]
  extract[mappings]
  mergeMappings
  extra[client]
Client Maven POM
  pom[client-extra]
Sources
  listLibraries
  stripClient
  download[1.21.10][server]
  extractServer
  stripServer
  merge
  rename
  modifyAccess
  stripSides
  decompile
  extract[inject]
  inject
  patch
  patch[forge]
  downloadSources
  injectSources[forge]
  remap[forge][official-1.21.10][javadoc]
  remap[forge][official-1.21.10][javadoc][variants]
Classes
  recompile[forge][official-1.21.10]
  injectData[forge][official-1.21.10]
  injectData[forge][official-1.21.10][variants]
Maven POM
  pom[forge]
Metadata
  metadata[forge]
  metadata[forge][variants]
Minecraft Maven has finished, took 3:43.763

> Task :forge:compileJava
> Task :forge:processResources
> Task :forge:classes
> Task :forge:jar
> Task :forge:sourcesJar
> Task :forge:assemble
> Task :forge:compileTestJava NO-SOURCE
> Task :forge:processTestResources NO-SOURCE
> Task :forge:testClasses UP-TO-DATE
> Task :forge:test NO-SOURCE
> Task :forge:check UP-TO-DATE
> Task :forge:build
gradle/actions: Writing build results to /home/runner/work/_temp/.gradle-actions/build-results/build-1790275443790.json

BUILD SUCCESSFUL in 4m 7s
4 actionable tasks: 4 executed
Consider enabling configuration cache to speed up this build: https://docs.gradle.org/9.8.0/userguide/configuration_cache_enabling.html
valid: mcvoice-0.1.0-mc1.21.10-forge.jar (327 classes, metadata ['META-INF/mods.toml'])
