To honour the JVM settings for this build a single-use Daemon process will be forked. For more on this, please refer to https://docs.gradle.org/9.8.0/userguide/gradle_daemon.html#sec:disabling_the_daemon in the Gradle documentation.
Daemon will be stopped at the end of the build 

> Configure project :
Fabric Loom: 1.18.2

> Task :generatePomFileForModPublication
> Task :compileJava UP-TO-DATE
> Task :processResources UP-TO-DATE
> Task :classes UP-TO-DATE
> Task :jar UP-TO-DATE
> Task :processIncludeJars UP-TO-DATE
> Task :remapJar UP-TO-DATE
> Task :sourcesJar UP-TO-DATE
> Task :remapSourcesJar UP-TO-DATE
> Task :publishModPublicationToGitHubPackagesRepository FAILED
gradle/actions: Writing build results to /home/runner/work/_temp/.gradle-actions/build-results/__run-1790325905652.json

FAILURE: Build failed with an exception.

* What went wrong:
Execution failed for task ':publishModPublicationToGitHubPackagesRepository' (registered by plugin 'org.gradle.maven-publish').
> Failed to publish publication 'mod' to repository 'GitHubPackages'
   > Could not PUT 'https://maven.pkg.github.com/RavoxX/MCVoice/io/github/ravoxx/mcvoice/voice-client-fabric/0.1.0+mc1.21.10/voice-client-fabric-0.1.0+mc1.21.10.jar'.
      > Received status code 409 from server: Conflict

* Try:
> Run with --stacktrace option to get the stack trace.
> Run with --info or --debug option to get more log output.
> Run with --scan to get full insights from a Build Scan (powered by Develocity).
> Get more help at https://help.gradle.org.

BUILD FAILED in 8s
9 actionable tasks: 2 executed, 7 up-to-date
