To honour the JVM settings for this build a single-use Daemon process will be forked. For more on this, please refer to https://docs.gradle.org/8.8/userguide/gradle_daemon.html#sec:disabling_the_daemon in the Gradle documentation.
Daemon will be stopped at the end of the build 

> Configure project :
Architectury Loom: 0.10.0.5
:generating dummy intermediary
:generated dummy intermediary in 826.6 ms
:patching forge
:patched forge in 405.4 ms
:patching jars
:patched jars in 7.742 s
:access transforming minecraft
[19:29:17] [main/INFO]: Access Transformer processor running version 3.0.1+61+master.47bca0e
[19:29:17] [main/INFO]: Command line arguments [--inJar, /home/runner/.gradle/caches/essential-loom/1.10/forge/1.10-12.18.0.2000-1.10.0/merged-patched.jar, --outJar, /home/runner/.gradle/caches/essential-loom/1.10/forge/1.10-12.18.0.2000-1.10.0/merged-at-patched.jar, --atFile, /tmp/at-conf1377893688555614000.cfg]
[19:29:17] [main/INFO]: Reading from /home/runner/.gradle/caches/essential-loom/1.10/forge/1.10-12.18.0.2000-1.10.0/merged-patched.jar
[19:29:17] [main/INFO]: Writing to /home/runner/.gradle/caches/essential-loom/1.10/forge/1.10-12.18.0.2000-1.10.0/merged-at-patched.jar
[19:29:17] [main/INFO]: Transformer file /tmp/at-conf1377893688555614000.cfg
[19:29:17] [main/WARN]: Found existing output jar /home/runner/.gradle/caches/essential-loom/1.10/forge/1.10-12.18.0.2000-1.10.0/merged-at-patched.jar, overwriting
[19:29:19] [main/INFO]: JAR transformation complete /home/runner/.gradle/caches/essential-loom/1.10/forge/1.10-12.18.0.2000-1.10.0/merged-at-patched.jar
:access transformed minecraft in 2.486 s
:remapping minecraft (TinyRemapper, official -> intermediary)
:remapped minecraft (TinyRemapper, official -> intermediary) in 1.809 s
:remapping minecraft (TinyRemapper, official -> srg)
:remapped minecraft (TinyRemapper, official -> srg) in 1.698 s
:remapping minecraft (TinyRemapper, official -> named)
:remapped minecraft (TinyRemapper, official -> named) in 1.345 s
