To honour the JVM settings for this build a single-use Daemon process will be forked. See https://docs.gradle.org/7.3.3/userguide/gradle_daemon.html#sec:disabling_the_daemon.
Daemon will be stopped at the end of the build 

> Configure project :
WARNING: This project is configured to use the official obfuscation mappings provided by Mojang. These mapping fall under their associated license, you should be fully aware of this license. For the latest license text, refer below, or the reference copy here: https://github.com/MinecraftForge/MCPConfig/blob/master/Mojang.md, You can hide this warning by running the `hideOfficialWarningUntilChanged` task
WARNING: (c) 2020 Microsoft Corporation. These mappings are provided "as-is" and you bear the risk of using them. You may copy and use the mappings for development purposes, but you may not redistribute the mappings complete and unmodified. Microsoft makes no warranties, express or implied, with respect to the mappings provided here.  Use and modification of this document or the source code (in any form) of Minecraft: Java Edition is governed by the Minecraft End User License Agreement available at https://account.mojang.com/documents/minecraft_eula.

> Task :compileJava
Note: /home/runner/work/MCVoice/MCVoice/minecraft/forge/src-gen/java/dev/mcvoice/platform/mc/McAdapter.java uses or overrides a deprecated API.
Note: Recompile with -Xlint:deprecation for details.

> Task :processResources
> Task :classes
> Task :jar
> Task :downloadMcpConfig
> Task :extractSrg
> Task :createMcpToSrg
> Task :reobfJar
> Task :jarJar SKIPPED
> Task :reobfJarJar SKIPPED
> Task :sourcesJar
> Task :assemble
> Task :compileTestJava NO-SOURCE
> Task :processTestResources NO-SOURCE
> Task :testClasses UP-TO-DATE
> Task :test NO-SOURCE
> Task :check UP-TO-DATE
> Task :build
gradle/actions: Writing build results to /home/runner/work/_temp/.gradle-actions/build-results/build-1790325013357.json

BUILD SUCCESSFUL in 26s
8 actionable tasks: 8 executed
valid: mcvoice-0.1.0-mc1.15-forge.jar (329 classes, 15 platform classes, metadata ['META-INF/mods.toml'])
  platform: dev/mcvoice/platform/forge/McVoiceForge
  platform: dev/mcvoice/platform/forge/McVoiceForge$ForgeSvcChannels
  platform: dev/mcvoice/platform/mc/McAdapter
  platform: dev/mcvoice/platform/mc/McAdapter$1
  platform: dev/mcvoice/platform/mc/McAdapter$2
  platform: dev/mcvoice/platform/mc/McAdapter$3
  platform: dev/mcvoice/platform/mc/McAdapter$4
  platform: dev/mcvoice/platform/mc/McAdapter$5
  platform: dev/mcvoice/platform/mc/McCanvas
  platform: dev/mcvoice/platform/mc/McIds
  platform: dev/mcvoice/platform/mc/McLogging
  platform: dev/mcvoice/platform/mc/McLogging$1
  platform: dev/mcvoice/platform/mc/McScreen
  platform: dev/mcvoice/platform/mc/PlatformInfo
  platform: dev/mcvoice/platform/mc/ScreenHost
