To honour the JVM settings for this build a single-use Daemon process will be forked. For more on this, please refer to https://docs.gradle.org/9.8.0/userguide/gradle_daemon.html#sec:disabling_the_daemon in the Gradle documentation.
Daemon will be stopped at the end of the build 

> Configure project :
Fabric Loom: 1.18.2
~~~~~~~~~~~~~~~~~~~~~~~~~~~~~~~~~~~~~~~~~~~~~~~~~~~~~~~~~~~~~~
Using of the official minecraft mappings is at your own risk!
Please make sure to read and understand the following license:
~~~~~~~~~~~~~~~~~~~~~~~~~~~~~~~~~~~~~~~~~~~~~~~~~~~~~~~~~~~~~~
# (c) 2020 Microsoft Corporation. These mappings are provided "as-is" and you bear the risk of using them. You may copy and use the mappings for development purposes, but you may not redistribute the mappings complete and unmodified. Microsoft makes no warranties, express or implied, with respect to the mappings provided here.  Use and modification of this document or the source code (in any form) of Minecraft: Java Edition is governed by the Minecraft End User License Agreement available at https://account.mojang.com/documents/minecraft_eula.
~~~~~~~~~~~~~~~~~~~~~~~~~~~~~~~~~~~~~~~~~~~~~~~~~~~~~~~~~~~~~~

> Task :compileJava
/home/runner/work/MCVoice/MCVoice/minecraft/fabric/src-gen/java/dev/mcvoice/platform/mc/McAdapter.java:30: error: cannot find symbol
import net.minecraft.client.multiplayer.ClientLevel;
                                       ^
  symbol:   class ClientLevel
  location: package net.minecraft.client.multiplayer
/home/runner/work/MCVoice/MCVoice/minecraft/fabric/src-gen/java/dev/mcvoice/platform/mc/McAdapter.java:137: error: cannot find symbol
        final ClientLevel level = mc().level;
              ^
  symbol:   class ClientLevel
  location: class dev.mcvoice.platform.mc.McAdapter
2 errors

> Task :compileJava FAILED
gradle/actions: Writing build results to /home/runner/work/_temp/.gradle-actions/build-results/build-1790281665185.json

[Incubating] Problems report is available at: file:///home/runner/work/MCVoice/MCVoice/minecraft/fabric/build/reports/problems/problems-report.html

FAILURE: Build failed with an exception.

* What went wrong:
Execution failed for task ':compileJava' (registered by plugin class 'org.gradle.api.plugins.JavaBasePlugin').
> Compilation failed; see the compiler output below.
  /home/runner/work/MCVoice/MCVoice/minecraft/fabric/src-gen/java/dev/mcvoice/platform/mc/McAdapter.java:30: error: cannot find symbol
  import net.minecraft.client.multiplayer.ClientLevel;
                                         ^
    symbol:   class ClientLevel
    location: package net.minecraft.client.multiplayer
  2 errors

* Try:
> Check your code and dependencies to fix the compilation error(s)
> Run with --scan to get full insights from a Build Scan (powered by Develocity).

* Exception is:
org.gradle.api.tasks.TaskExecutionException: Execution failed for task ':compileJava' (registered by plugin class 'org.gradle.api.plugins.JavaBasePlugin').
	at org.gradle.api.internal.tasks.execution.DefaultTaskNodeExecutor.lambda$doExecute$1(DefaultTaskNodeExecutor.java:367)
	at org.gradle.internal.Try$Failure.ifSuccessfulOrElse(Try.java:288)
	at org.gradle.api.internal.tasks.execution.DefaultTaskNodeExecutor.doExecute(DefaultTaskNodeExecutor.java:365)
	at org.gradle.api.internal.tasks.execution.DefaultTaskNodeExecutor.executeTrackingTaskIdentity(DefaultTaskNodeExecutor.java:332)
	at org.gradle.api.internal.tasks.execution.DefaultTaskNodeExecutor.executeFinalizingProperties(DefaultTaskNodeExecutor.java:318)
	at org.gradle.api.internal.tasks.execution.DefaultTaskNodeExecutor.executeSkippingWithNoActions(DefaultTaskNodeExecutor.java:289)
	at org.gradle.api.internal.tasks.execution.DefaultTaskNodeExecutor.executeSkippingOnlyIf(DefaultTaskNodeExecutor.java:272)
	at org.gradle.api.internal.tasks.execution.DefaultTaskNodeExecutor.executeCatchingFailures(DefaultTaskNodeExecutor.java:228)
	at org.gradle.api.internal.tasks.execution.DefaultTaskNodeExecutor.executeWithFallbackOperationId(DefaultTaskNodeExecutor.java:197)
	at org.gradle.api.internal.tasks.execution.DefaultTaskNodeExecutor.executeWithLifecycle(DefaultTaskNodeExecutor.java:171)
	at org.gradle.api.internal.tasks.execution.DefaultTaskNodeExecutor.access$000(DefaultTaskNodeExecutor.java:67)
	at org.gradle.api.internal.tasks.execution.DefaultTaskNodeExecutor$1.run(DefaultTaskNodeExecutor.java:136)
	at org.gradle.internal.operations.DefaultBuildOperationRunner$1.execute(DefaultBuildOperationRunner.java:30)
	at org.gradle.internal.operations.DefaultBuildOperationRunner$1.execute(DefaultBuildOperationRunner.java:27)
	at org.gradle.internal.operations.DefaultBuildOperationRunner$2.execute(DefaultBuildOperationRunner.java:67)
	at org.gradle.internal.operations.DefaultBuildOperationRunner$2.execute(DefaultBuildOperationRunner.java:60)
	at org.gradle.internal.operations.DefaultBuildOperationRunner.execute(DefaultBuildOperationRunner.java:167)
	at org.gradle.internal.operations.DefaultBuildOperationRunner.execute(DefaultBuildOperationRunner.java:60)
	at org.gradle.internal.operations.DefaultBuildOperationRunner.run(DefaultBuildOperationRunner.java:48)
	at org.gradle.api.internal.tasks.execution.DefaultTaskNodeExecutor.execute(DefaultTaskNodeExecutor.java:133)
	at org.gradle.execution.plan.LocalTaskNode.execute(LocalTaskNode.java:229)
	at org.gradle.execution.DefaultBuildWorkExecutor.lambda$executePlan$0(DefaultBuildWorkExecutor.java:153)
	at org.gradle.execution.plan.DefaultPlanExecutor$ExecutorWorker.lambda$execute$0(DefaultPlanExecutor.java:476)
	at org.gradle.internal.operations.CurrentBuildOperationRef.with(CurrentBuildOperationRef.java:85)
	at org.gradle.execution.plan.DefaultPlanExecutor$ExecutorWorker.execute(DefaultPlanExecutor.java:475)
	at org.gradle.execution.plan.DefaultPlanExecutor$ExecutorWorker.run(DefaultPlanExecutor.java:392)
	at org.gradle.internal.concurrent.ExecutorPolicy$CatchAndRecordFailures.onExecute(ExecutorPolicy.java:65)
	at org.gradle.internal.concurrent.AbstractManagedExecutor$1.run(AbstractManagedExecutor.java:47)
Caused by: org.gradle.api.internal.tasks.compile.CompilationFailedException: Compilation failed; see the compiler output below.
/home/runner/work/MCVoice/MCVoice/minecraft/fabric/src-gen/java/dev/mcvoice/platform/mc/McAdapter.java:30: error: cannot find symbol
import net.minecraft.client.multiplayer.ClientLevel;
                                       ^
  symbol:   class ClientLevel
  location: package net.minecraft.client.multiplayer
/home/runner/work/MCVoice/MCVoice/minecraft/fabric/src-gen/java/dev/mcvoice/platform/mc/McAdapter.java:137: error: cannot find symbol
        final ClientLevel level = mc().level;
              ^
  symbol:   class ClientLevel
  location: class dev.mcvoice.platform.mc.McAdapter
2 errors
	at org.gradle.api.internal.tasks.compile.JdkJavaCompiler.execute(JdkJavaCompiler.java:88)
	at org.gradle.api.internal.tasks.compile.JdkJavaCompiler.execute(JdkJavaCompiler.java:49)
	at org.gradle.api.internal.tasks.compile.daemon.CompilerWorkAction.execute(CompilerWorkAction.java:52)
	at org.gradle.workers.internal.DefaultWorkerServer.execute(DefaultWorkerServer.java:68)
	at org.gradle.workers.internal.AbstractClassLoaderWorker$1.create(AbstractClassLoaderWorker.java:54)
	at org.gradle.workers.internal.AbstractClassLoaderWorker$1.create(AbstractClassLoaderWorker.java:48)
	at org.gradle.internal.classloader.ClassLoaderUtils.executeInClassloader(ClassLoaderUtils.java:103)
	at org.gradle.workers.internal.AbstractClassLoaderWorker.executeInClassLoader(AbstractClassLoaderWorker.java:48)
	at org.gradle.workers.internal.FlatClassLoaderWorker.run(FlatClassLoaderWorker.java:32)
	at org.gradle.workers.internal.FlatClassLoaderWorker.run(FlatClassLoaderWorker.java:22)
	at org.gradle.workers.internal.WorkerDaemonServer.run(WorkerDaemonServer.java:109)
	at org.gradle.workers.internal.WorkerDaemonServer.run(WorkerDaemonServer.java:78)
	at org.gradle.process.internal.worker.request.WorkerAction.lambda$run$1(WorkerAction.java:150)
	at org.gradle.process.internal.worker.child.WorkerLogEventListener.withWorkerLoggingProtocol(WorkerLogEventListener.java:41)
	at org.gradle.process.internal.worker.request.WorkerAction.lambda$run$0(WorkerAction.java:150)
	at org.gradle.internal.operations.CurrentBuildOperationRef.with(CurrentBuildOperationRef.java:85)
	at org.gradle.process.internal.worker.request.WorkerAction.run(WorkerAction.java:142)
	at org.gradle.internal.dispatch.MethodInvocation.invokeOn(MethodInvocation.java:77)
	at org.gradle.internal.dispatch.ReflectionDispatch.dispatch(ReflectionDispatch.java:28)
	at org.gradle.internal.dispatch.ReflectionDispatch.dispatch(ReflectionDispatch.java:19)
	at org.gradle.internal.remote.internal.hub.MessageHubBackedObjectConnection$DispatchWrapper.dispatch(MessageHubBackedObjectConnection.java:183)
	at org.gradle.internal.remote.internal.hub.MessageHubBackedObjectConnection$DispatchWrapper.dispatch(MessageHubBackedObjectConnection.java:165)
	at org.gradle.internal.remote.internal.hub.MessageHub$Handler.run(MessageHub.java:414)
	... 2 more


BUILD FAILED in 52s
1 actionable task: 1 executed
