To honour the JVM settings for this build a single-use Daemon process will be forked. For more on this, please refer to https://docs.gradle.org/9.8.0/userguide/gradle_daemon.html#sec:disabling_the_daemon in the Gradle documentation.
Daemon will be stopped at the end of the build 

> Configure project :
Minecraft Mavenizer 0.5.21 by Forge Development LLC
  Output:             /home/runner/work/MCVoice/MCVoice/minecraft/forge/.gradle/mavenizer/repo
  Output JSON:        /home/runner/work/MCVoice/MCVoice/minecraft/forge/.gradle/mavenizer/dependencies/default.json
  Dependencies Only:  false
  Cache:              /home/runner/.gradle/caches/minecraftforge/forgegradle/mavenizer/caches
  JDK Cache:          /home/runner/.gradle/caches/minecraftforge/forgegradle/mavenizer/caches
  Offline:            false
  Cache Only:         false
  Ignore Cache:       false
  Mappings:           official-1.21.11
  Foreign Repos:      [https://repo.maven.apache.org/maven2/, https://maven.minecraftforge.net/, https://libraries.minecraft.net/]
  GradleVariantHack:  true
  Disable Gradle:     false
  Stub Jars:          false

Processing Minecraft dependency: net.minecraftforge:forge:1.21.11-61.2.0
Processing Minecraft Forge (userdev): 1.21.11-61.2.0
  Cache miss!
  java.lang.Exception: Cache miss! Stacktrace for Information Only
  	at net.minecraftforge.mcmaven.impl.Mavenizer.assertNotCacheOnly(Mavenizer.java:60)
  	at net.minecraftforge.mcmaven.impl.cache.MavenCache.download(MavenCache.java:271)
  	at net.minecraftforge.mcmaven.impl.cache.MavenCache.download(MavenCache.java:101)
  	at net.minecraftforge.mcmaven.impl.repo.forge.Patcher.<init>(Patcher.java:94)
  	at net.minecraftforge.mcmaven.impl.repo.forge.ForgeRepo.processV3(ForgeRepo.java:257)
  	at net.minecraftforge.mcmaven.impl.repo.forge.ForgeRepo.process(ForgeRepo.java:144)
  	at net.minecraftforge.mcmaven.impl.MinecraftMaven.createForge(MinecraftMaven.java:240)
  	at net.minecraftforge.mcmaven.impl.MinecraftMaven.run(MinecraftMaven.java:119)
  	at net.minecraftforge.mcmaven.cli.MavenTask.run(MavenTask.java:218)
  	at net.minecraftforge.mcmaven.cli.Main.run(Main.java:70)
  	at net.minecraftforge.mcmaven.cli.Main.main(Main.java:23)
Mappings Zip
  downloadLauncherManifest
  downloadVersionJson[1.21.11]
  download[1.21.11][client_mappings]
  extract[mappings]
  mergeMappings
  download[1.21.11][server_mappings]
  srg2names[official-1.21.11]
Mappings POM
  pom[mappings_official]
Mappings map2obf
  mapped2obf[official-1.21.11]
Mappings map2srg
  mapped2srg[official-1.21.11]
Client Extra
  download[1.21.11][client]
  extract[mappings]
  mergeMappings
  extra[client]
Client Maven POM
  pom[client-extra]
Sources
  listLibraries
  stripClient
  download[1.21.11][server]
  extractServer
  stripServer
  merge
  rename
  modifyAccess
  stripSides
  decompile
  extract[inject]
  inject
  patch
  patch[forge]
  downloadSources
  injectSources[forge]
  remap[forge][official-1.21.11][javadoc]
  remap[forge][official-1.21.11][javadoc][variants]
Classes
  recompile[forge][official-1.21.11]
    Javac failed to execute! Exit code 1
    --- BEGIN JAVAC LOG ---
    /tmp/recompileSources4348998217149018817/sources/net/minecraft/world/level/entity/EntitySectionStorage.java:120: error: illegal start of expression
        }
        ^
    1 error
    Process returned non-zero exit value: 1
    --- END JAVAC LOG ---
Exception in thread "main" net.minecraftforge.mcmaven.impl.util.Task$DependencyException: Failed to execute task `recompile[forge][official-1.21.11]` which is required by task `injectData[forge][official-1.21.11][variants]->injectData[forge][official-1.21.11]`
	at net.minecraftforge.mcmaven.impl.util.Task$Simple.execute(Task.java:136)
	at net.minecraftforge.mcmaven.impl.repo.forge.InjectTask.execute(InjectTask.java:41)
	at net.minecraftforge.mcmaven.impl.repo.Repo$PendingArtifact.get(Repo.java:243)
	at net.minecraftforge.mcmaven.impl.MinecraftMaven.finalize(MinecraftMaven.java:408)
	at net.minecraftforge.mcmaven.impl.MinecraftMaven.createForge(MinecraftMaven.java:241)
	at net.minecraftforge.mcmaven.impl.MinecraftMaven.run(MinecraftMaven.java:119)
	at net.minecraftforge.mcmaven.cli.MavenTask.run(MavenTask.java:218)
	at net.minecraftforge.mcmaven.cli.Main.run(Main.java:70)
	at net.minecraftforge.mcmaven.cli.Main.main(Main.java:23)
Caused by: java.lang.RuntimeException: Failed to execute task `recompile[forge][official-1.21.11]`
	at net.minecraftforge.mcmaven.impl.util.Task$Simple.execute(Task.java:151)
	at net.minecraftforge.mcmaven.impl.tasks.RecompileTask.execute(RecompileTask.java:46)
	at net.minecraftforge.mcmaven.impl.util.Task$Simple.execute(Task.java:131)
	... 8 more
Caused by: java.lang.RuntimeException: Javac failed to execute! Exit code 1 Source Jar: /home/runner/.gradle/caches/minecraftforge/forgegradle/mavenizer/caches/forge/net/minecraftforge/forge/1.21.11-61.2.0/official/1.21.11/remapped-javadoc.jar
	at net.minecraftforge.mcmaven.impl.util.ProcessUtils.recompileJar(ProcessUtils.java:353)
	at net.minecraftforge.mcmaven.impl.tasks.RecompileTask.recompileSourcesImpl(RecompileTask.java:89)
	at net.minecraftforge.mcmaven.impl.tasks.RecompileTask.lambda$recompileSources$0(RecompileTask.java:63)
	at net.minecraftforge.mcmaven.impl.util.Task$Simple.execute(Task.java:145)
	... 10 more
gradle/actions: Writing build results to /home/runner/work/_temp/.gradle-actions/build-results/build-1790325643499.json

FAILURE: Build failed with an exception.

* What went wrong:
A problem occurred configuring root project 'mcvoice-mc1.21.11-forge'.
> Process 'command '/usr/lib/jvm/temurin-25-jdk-amd64/bin/java'' finished with non-zero exit value 1

* Try:
> Run with --info or --debug option to get more log output.
> Run with --scan to get full insights from a Build Scan (powered by Develocity).
> Get more help at https://help.gradle.org.

* Exception is:
org.gradle.api.ProjectConfigurationException: A problem occurred configuring root project 'mcvoice-mc1.21.11-forge'.
	at org.gradle.configuration.project.LifecycleProjectEvaluator.wrapException(LifecycleProjectEvaluator.java:84)
	at org.gradle.configuration.project.LifecycleProjectEvaluator.addConfigurationFailure(LifecycleProjectEvaluator.java:77)
	at org.gradle.configuration.project.LifecycleProjectEvaluator.access$400(LifecycleProjectEvaluator.java:55)
	at org.gradle.configuration.project.LifecycleProjectEvaluator$NotifyAfterEvaluate.run(LifecycleProjectEvaluator.java:255)
	at org.gradle.internal.operations.DefaultBuildOperationRunner$1.execute(DefaultBuildOperationRunner.java:30)
	at org.gradle.internal.operations.DefaultBuildOperationRunner$1.execute(DefaultBuildOperationRunner.java:27)
	at org.gradle.internal.operations.DefaultBuildOperationRunner$2.execute(DefaultBuildOperationRunner.java:67)
	at org.gradle.internal.operations.DefaultBuildOperationRunner$2.execute(DefaultBuildOperationRunner.java:60)
	at org.gradle.internal.operations.DefaultBuildOperationRunner.execute(DefaultBuildOperationRunner.java:167)
	at org.gradle.internal.operations.DefaultBuildOperationRunner.execute(DefaultBuildOperationRunner.java:60)
	at org.gradle.internal.operations.DefaultBuildOperationRunner.run(DefaultBuildOperationRunner.java:48)
	at org.gradle.configuration.project.LifecycleProjectEvaluator$EvaluateProject.lambda$run$0(LifecycleProjectEvaluator.java:114)
	at org.gradle.api.internal.project.DefaultProjectState.lambda$applyToMutableState$0(DefaultProjectState.java:222)
	at org.gradle.api.internal.project.DefaultProjectState.lambda$fromMutableState$0(DefaultProjectState.java:229)
	at org.gradle.api.internal.project.DefaultProjectState.runWithModelLock(DefaultProjectState.java:252)
	at org.gradle.api.internal.project.DefaultProjectState.fromMutableState(DefaultProjectState.java:229)
	at org.gradle.api.internal.project.DefaultProjectState.applyToMutableState(DefaultProjectState.java:221)
	at org.gradle.configuration.project.LifecycleProjectEvaluator$EvaluateProject.run(LifecycleProjectEvaluator.java:100)
	at org.gradle.internal.operations.DefaultBuildOperationRunner$1.execute(DefaultBuildOperationRunner.java:30)
	at org.gradle.internal.operations.DefaultBuildOperationRunner$1.execute(DefaultBuildOperationRunner.java:27)
	at org.gradle.internal.operations.DefaultBuildOperationRunner$2.execute(DefaultBuildOperationRunner.java:67)
	at org.gradle.internal.operations.DefaultBuildOperationRunner$2.execute(DefaultBuildOperationRunner.java:60)
	at org.gradle.internal.operations.DefaultBuildOperationRunner.execute(DefaultBuildOperationRunner.java:167)
	at org.gradle.internal.operations.DefaultBuildOperationRunner.execute(DefaultBuildOperationRunner.java:60)
	at org.gradle.internal.operations.DefaultBuildOperationRunner.run(DefaultBuildOperationRunner.java:48)
	at org.gradle.configuration.project.LifecycleProjectEvaluator.evaluate(LifecycleProjectEvaluator.java:72)
	at org.gradle.api.internal.project.DefaultProject.evaluateUnchecked(DefaultProject.java:773)
	at org.gradle.api.internal.project.ProjectLifecycleController.lambda$ensureSelfConfigured$1(ProjectLifecycleController.java:96)
	at org.gradle.api.internal.project.DefaultProjectState.lambda$withProjectLock$0(DefaultProjectState.java:234)
	at org.gradle.internal.work.DefaultWorkerLeaseService.lambda$runAndReleaseLocks$0(DefaultWorkerLeaseService.java:296)
	at org.gradle.internal.work.ResourceLockStatistics$1.measure(ResourceLockStatistics.java:43)
	at org.gradle.internal.work.DefaultWorkerLeaseService.runAndReleaseLocks(DefaultWorkerLeaseService.java:294)
	at org.gradle.internal.work.DefaultWorkerLeaseService.withLocksAcquired(DefaultWorkerLeaseService.java:290)
	at org.gradle.internal.work.DefaultWorkerLeaseService.lambda$withReplacedLocks$0(DefaultWorkerLeaseService.java:446)
	at org.gradle.internal.work.DefaultWorkerLeaseService.withoutLocks(DefaultWorkerLeaseService.java:368)
	at org.gradle.internal.work.DefaultWorkerLeaseService.withReplacedLocks(DefaultWorkerLeaseService.java:445)
	at org.gradle.api.internal.project.DefaultProjectState.runWithModelLock(DefaultProjectState.java:257)
	at org.gradle.api.internal.project.DefaultProjectState.withProjectLock(DefaultProjectState.java:233)
	at org.gradle.api.internal.project.ProjectLifecycleController.lambda$ensureSelfConfigured$0(ProjectLifecycleController.java:96)
	at org.gradle.internal.model.StateTransitionController.lambda$doTransition$0(StateTransitionController.java:313)
	at org.gradle.internal.model.StateTransitionController.doTransition(StateTransitionController.java:324)
	at org.gradle.internal.model.StateTransitionController.doTransition(StateTransitionController.java:312)
	at org.gradle.internal.model.StateTransitionController.lambda$maybeTransitionIfNotCurrentlyTransitioning$0(StateTransitionController.java:257)
	at org.gradle.internal.work.DefaultSynchronizer.withLock(DefaultSynchronizer.java:35)
	at org.gradle.internal.model.StateTransitionController.maybeTransitionIfNotCurrentlyTransitioning(StateTransitionController.java:253)
	at org.gradle.api.internal.project.ProjectLifecycleController.ensureSelfConfigured(ProjectLifecycleController.java:96)
	at org.gradle.api.internal.project.DefaultProjectState.ensureConfigured(DefaultProjectState.java:190)
	at org.gradle.execution.TaskPathProjectEvaluator.configureHierarchy(TaskPathProjectEvaluator.java:79)
	at org.gradle.configuration.DefaultProjectsPreparer.prepareProjects(DefaultProjectsPreparer.java:52)
	at org.gradle.configuration.BuildTreePreparingProjectsPreparer.prepareProjects(BuildTreePreparingProjectsPreparer.java:65)
	at org.gradle.configuration.BuildOperationFiringProjectsPreparer$ConfigureBuild.run(BuildOperationFiringProjectsPreparer.java:52)
	at org.gradle.internal.operations.DefaultBuildOperationRunner$1.execute(DefaultBuildOperationRunner.java:30)
	at org.gradle.internal.operations.DefaultBuildOperationRunner$1.execute(DefaultBuildOperationRunner.java:27)
	at org.gradle.internal.operations.DefaultBuildOperationRunner$2.execute(DefaultBuildOperationRunner.java:67)
	at org.gradle.internal.operations.DefaultBuildOperationRunner$2.execute(DefaultBuildOperationRunner.java:60)
	at org.gradle.internal.operations.DefaultBuildOperationRunner.execute(DefaultBuildOperationRunner.java:167)
	at org.gradle.internal.operations.DefaultBuildOperationRunner.execute(DefaultBuildOperationRunner.java:60)
	at org.gradle.internal.operations.DefaultBuildOperationRunner.run(DefaultBuildOperationRunner.java:48)
	at org.gradle.configuration.BuildOperationFiringProjectsPreparer.prepareProjects(BuildOperationFiringProjectsPreparer.java:40)
	at org.gradle.initialization.VintageBuildModelController.lambda$prepareProjects$0(VintageBuildModelController.java:83)
	at org.gradle.internal.model.StateTransitionController.lambda$doTransition$0(StateTransitionController.java:313)
	at org.gradle.internal.model.StateTransitionController.doTransition(StateTransitionController.java:324)
	at org.gradle.internal.model.StateTransitionController.doTransition(StateTransitionController.java:312)
	at org.gradle.internal.model.StateTransitionController.lambda$transitionIfNotPreviously$0(StateTransitionController.java:271)
	at org.gradle.internal.work.DefaultSynchronizer.withLock(DefaultSynchronizer.java:35)
	at org.gradle.internal.model.StateTransitionController.transitionIfNotPreviously(StateTransitionController.java:267)
	at org.gradle.initialization.VintageBuildModelController.prepareProjects(VintageBuildModelController.java:83)
	at org.gradle.initialization.VintageBuildModelController.prepareToScheduleTasks(VintageBuildModelController.java:70)
	at org.gradle.internal.build.DefaultBuildLifecycleController.lambda$prepareToScheduleTasks$0(DefaultBuildLifecycleController.java:185)
	at org.gradle.internal.model.StateTransitionController.lambda$doTransition$0(StateTransitionController.java:313)
	at org.gradle.internal.model.StateTransitionController.doTransition(StateTransitionController.java:324)
	at org.gradle.internal.model.StateTransitionController.doTransition(StateTransitionController.java:312)
	at org.gradle.internal.model.StateTransitionController.lambda$maybeTransition$0(StateTransitionController.java:248)
	at org.gradle.internal.work.DefaultSynchronizer.withLock(DefaultSynchronizer.java:35)
	at org.gradle.internal.model.StateTransitionController.maybeTransition(StateTransitionController.java:244)
	at org.gradle.internal.build.DefaultBuildLifecycleController.prepareToScheduleTasks(DefaultBuildLifecycleController.java:183)
	at org.gradle.internal.buildtree.DefaultBuildTreeWorkPreparer.scheduleRequestedTasks(DefaultBuildTreeWorkPreparer.java:35)
	at org.gradle.internal.cc.impl.barrier.BarrierAwareBuildTreeWorkPreparer.scheduleRequestedTasks$lambda$0(BarrierAwareBuildTreeWorkPreparer.kt:34)
	at org.gradle.internal.cc.impl.barrier.VintageConfigurationTimeActionRunner.runConfigurationTimeAction(VintageConfigurationTimeActionRunner.kt:48)
	at org.gradle.internal.cc.impl.barrier.BarrierAwareBuildTreeWorkPreparer.scheduleRequestedTasks(BarrierAwareBuildTreeWorkPreparer.kt:33)
	at org.gradle.internal.cc.impl.VintageBuildTreeWorkController$scheduleAndRunRequestedTasks$1$finalizedGraph$1.call(VintageBuildTreeWorkController.kt:37)
	at org.gradle.internal.cc.impl.VintageBuildTreeWorkController$scheduleAndRunRequestedTasks$1$finalizedGraph$1.call(VintageBuildTreeWorkController.kt:37)
	at org.gradle.internal.Try.ofFailable(Try.java:46)
	at org.gradle.internal.cc.impl.VintageBuildTreeWorkController$scheduleAndRunRequestedTasks$1.apply(VintageBuildTreeWorkController.kt:37)
	at org.gradle.internal.cc.impl.VintageBuildTreeWorkController$scheduleAndRunRequestedTasks$1.apply(VintageBuildTreeWorkController.kt:36)
	at org.gradle.composite.internal.DefaultIncludedBuildTaskGraph.withNewWorkGraph(DefaultIncludedBuildTaskGraph.java:115)
	at org.gradle.internal.cc.impl.VintageBuildTreeWorkController.scheduleAndRunRequestedTasks(VintageBuildTreeWorkController.kt:36)
	at org.gradle.internal.buildtree.DefaultBuildTreeLifecycleController.lambda$scheduleAndRunTasks$0(DefaultBuildTreeLifecycleController.java:79)
	at org.gradle.internal.buildtree.DefaultBuildTreeLifecycleController.lambda$runBuild$0(DefaultBuildTreeLifecycleController.java:159)
	at org.gradle.internal.model.StateTransitionController.lambda$transition$2(StateTransitionController.java:227)
	at org.gradle.internal.model.StateTransitionController.doTransition(StateTransitionController.java:324)
	at org.gradle.internal.model.StateTransitionController.lambda$transition$1(StateTransitionController.java:227)
	at org.gradle.internal.work.DefaultSynchronizer.withLock(DefaultSynchronizer.java:45)
	at org.gradle.internal.model.StateTransitionController.transition(StateTransitionController.java:227)
	at org.gradle.internal.buildtree.DefaultBuildTreeLifecycleController.runBuild(DefaultBuildTreeLifecycleController.java:156)
	at org.gradle.internal.buildtree.DefaultBuildTreeLifecycleController.scheduleAndRunTasks(DefaultBuildTreeLifecycleController.java:79)
	at org.gradle.internal.buildtree.DefaultBuildTreeLifecycleController.scheduleAndRunTasks(DefaultBuildTreeLifecycleController.java:74)
	at org.gradle.tooling.internal.provider.ExecuteBuildActionRunner.run(ExecuteBuildActionRunner.java:31)
	at org.gradle.launcher.exec.ChainingBuildActionRunner.run(ChainingBuildActionRunner.java:35)
	at org.gradle.internal.buildtree.ProblemReportingBuildActionRunner.run(ProblemReportingBuildActionRunner.java:55)
	at org.gradle.launcher.exec.BuildOutcomeReportingBuildActionRunner.run(BuildOutcomeReportingBuildActionRunner.java:83)
	at org.gradle.tooling.internal.provider.FileSystemWatchingBuildActionRunner.run(FileSystemWatchingBuildActionRunner.java:118)
	at org.gradle.launcher.exec.BuildCompletionNotifyingBuildActionRunner.run(BuildCompletionNotifyingBuildActionRunner.java:64)
	at org.gradle.launcher.exec.RootBuildLifecycleBuildActionExecutor.lambda$execute$0(RootBuildLifecycleBuildActionExecutor.java:99)
	at org.gradle.composite.internal.DefaultRootBuildState.run(DefaultRootBuildState.java:119)
	at org.gradle.launcher.exec.RootBuildLifecycleBuildActionExecutor.execute(RootBuildLifecycleBuildActionExecutor.java:99)
	at org.gradle.launcher.exec.DefaultBuildTreeActionExecutor.runBuildTreeLifecycle(DefaultBuildTreeActionExecutor.java:132)
	at org.gradle.launcher.exec.DefaultBuildTreeActionExecutor.access$200(DefaultBuildTreeActionExecutor.java:54)
	at org.gradle.launcher.exec.DefaultBuildTreeActionExecutor$2.call(DefaultBuildTreeActionExecutor.java:104)
	at org.gradle.launcher.exec.DefaultBuildTreeActionExecutor$2.call(DefaultBuildTreeActionExecutor.java:99)
	at org.gradle.internal.operations.DefaultBuildOperationRunner$CallableBuildOperationWorker.execute(DefaultBuildOperationRunner.java:210)
	at org.gradle.internal.operations.DefaultBuildOperationRunner$CallableBuildOperationWorker.execute(DefaultBuildOperationRunner.java:205)
	at org.gradle.internal.operations.DefaultBuildOperationRunner$2.execute(DefaultBuildOperationRunner.java:67)
	at org.gradle.internal.operations.DefaultBuildOperationRunner$2.execute(DefaultBuildOperationRunner.java:60)
	at org.gradle.internal.operations.DefaultBuildOperationRunner.execute(DefaultBuildOperationRunner.java:167)
	at org.gradle.internal.operations.DefaultBuildOperationRunner.execute(DefaultBuildOperationRunner.java:60)
	at org.gradle.internal.operations.DefaultBuildOperationRunner.call(DefaultBuildOperationRunner.java:54)
	at org.gradle.launcher.exec.DefaultBuildTreeActionExecutor.runAsBuildOperation(DefaultBuildTreeActionExecutor.java:99)
	at org.gradle.launcher.exec.DefaultBuildTreeActionExecutor.lambda$runBuildTreeAction$0(DefaultBuildTreeActionExecutor.java:93)
	at org.gradle.internal.work.DefaultWorkerLeaseService.lambda$runAndReleaseLocks$0(DefaultWorkerLeaseService.java:296)
	at org.gradle.internal.work.ResourceLockStatistics$1.measure(ResourceLockStatistics.java:43)
	at org.gradle.internal.work.DefaultWorkerLeaseService.runAndReleaseLocks(DefaultWorkerLeaseService.java:294)
	at org.gradle.internal.work.DefaultWorkerLeaseService.withLocksAcquired(DefaultWorkerLeaseService.java:290)
	at org.gradle.internal.work.DefaultWorkerLeaseService.withLocks(DefaultWorkerLeaseService.java:282)
	at org.gradle.internal.work.DefaultWorkerLeaseService.runAsWorkerThread(DefaultWorkerLeaseService.java:132)
	at org.gradle.launcher.exec.DefaultBuildTreeActionExecutor.runBuildTreeAction(DefaultBuildTreeActionExecutor.java:93)
	at org.gradle.tooling.internal.provider.continuous.ContinuousBuildActionExecutor.execute(ContinuousBuildActionExecutor.java:111)
	at org.gradle.tooling.internal.provider.SubscribableBuildActionExecutor.execute(SubscribableBuildActionExecutor.java:64)
	at org.gradle.internal.session.DefaultBuildSessionContext.execute(DefaultBuildSessionContext.java:46)
	at org.gradle.internal.buildprocess.execution.BuildSessionLifecycleBuildActionExecutor$ActionImpl.apply(BuildSessionLifecycleBuildActionExecutor.java:106)
	at org.gradle.internal.buildprocess.execution.BuildSessionLifecycleBuildActionExecutor$ActionImpl.apply(BuildSessionLifecycleBuildActionExecutor.java:94)
	at org.gradle.internal.session.BuildSessionState.run(BuildSessionState.java:73)
	at org.gradle.internal.buildprocess.execution.BuildSessionLifecycleBuildActionExecutor.execute(BuildSessionLifecycleBuildActionExecutor.java:67)
	at org.gradle.internal.buildprocess.execution.BuildSessionLifecycleBuildActionExecutor.execute(BuildSessionLifecycleBuildActionExecutor.java:45)
	at org.gradle.internal.buildprocess.execution.StartParamsValidatingActionExecutor.execute(StartParamsValidatingActionExecutor.java:57)
	at org.gradle.internal.buildprocess.execution.StartParamsValidatingActionExecutor.execute(StartParamsValidatingActionExecutor.java:32)
	at org.gradle.internal.buildprocess.execution.SessionFailureReportingActionExecutor.execute(SessionFailureReportingActionExecutor.java:51)
	at org.gradle.internal.buildprocess.execution.SessionFailureReportingActionExecutor.execute(SessionFailureReportingActionExecutor.java:39)
	at org.gradle.internal.buildprocess.execution.SetupLoggingActionExecutor.execute(SetupLoggingActionExecutor.java:47)
	at org.gradle.internal.buildprocess.execution.SetupLoggingActionExecutor.execute(SetupLoggingActionExecutor.java:31)
	at org.gradle.launcher.daemon.server.exec.ExecuteBuild.doBuild(ExecuteBuild.java:70)
	at org.gradle.launcher.daemon.server.exec.BuildCommandOnly.execute(BuildCommandOnly.java:37)
	at org.gradle.launcher.daemon.server.api.DaemonCommandExecution.proceed(DaemonCommandExecution.java:104)
	at org.gradle.launcher.daemon.server.exec.WatchForDisconnection.execute(WatchForDisconnection.java:39)
	at org.gradle.launcher.daemon.server.api.DaemonCommandExecution.proceed(DaemonCommandExecution.java:104)
	at org.gradle.launcher.daemon.server.exec.ResetDeprecationLogger.execute(ResetDeprecationLogger.java:29)
	at org.gradle.launcher.daemon.server.api.DaemonCommandExecution.proceed(DaemonCommandExecution.java:104)
	at org.gradle.launcher.daemon.server.exec.RequestStopIfSingleUsedDaemon.execute(RequestStopIfSingleUsedDaemon.java:35)
	at org.gradle.launcher.daemon.server.api.DaemonCommandExecution.proceed(DaemonCommandExecution.java:104)
	at org.gradle.launcher.daemon.server.exec.ForwardClientInput.lambda$execute$0(ForwardClientInput.java:40)
	at org.gradle.internal.daemon.clientinput.ClientInputForwarder.forwardInput(ClientInputForwarder.java:80)
	at org.gradle.launcher.daemon.server.exec.ForwardClientInput.execute(ForwardClientInput.java:37)
	at org.gradle.launcher.daemon.server.api.DaemonCommandExecution.proceed(DaemonCommandExecution.java:104)
	at org.gradle.launcher.daemon.server.exec.LogAndCheckHealth.execute(LogAndCheckHealth.java:53)
	at org.gradle.launcher.daemon.server.api.DaemonCommandExecution.proceed(DaemonCommandExecution.java:104)
	at org.gradle.launcher.daemon.server.exec.ApplyClientEnvironmentVariables.doBuild(ApplyClientEnvironmentVariables.java:82)
	at org.gradle.launcher.daemon.server.exec.BuildCommandOnly.execute(BuildCommandOnly.java:37)
	at org.gradle.launcher.daemon.server.api.DaemonCommandExecution.proceed(DaemonCommandExecution.java:104)
	at org.gradle.launcher.daemon.server.exec.LogToClient.doBuild(LogToClient.java:63)
	at org.gradle.launcher.daemon.server.exec.BuildCommandOnly.execute(BuildCommandOnly.java:37)
	at org.gradle.launcher.daemon.server.api.DaemonCommandExecution.proceed(DaemonCommandExecution.java:104)
	at org.gradle.launcher.daemon.server.exec.EstablishBuildEnvironment.doBuild(EstablishBuildEnvironment.java:74)
	at org.gradle.launcher.daemon.server.exec.BuildCommandOnly.execute(BuildCommandOnly.java:37)
	at org.gradle.launcher.daemon.server.api.DaemonCommandExecution.proceed(DaemonCommandExecution.java:104)
	at org.gradle.launcher.daemon.server.exec.StartBuildOrRespondWithBusy$1.run(StartBuildOrRespondWithBusy.java:52)
	at org.gradle.launcher.daemon.server.DaemonStateCoordinator.lambda$runCommand$0(DaemonStateCoordinator.java:321)
	at org.gradle.internal.concurrent.ExecutorPolicy$CatchAndRecordFailures.onExecute(ExecutorPolicy.java:65)
	at org.gradle.internal.concurrent.AbstractManagedExecutor$1.run(AbstractManagedExecutor.java:47)
Caused by: org.gradle.process.ProcessExecutionException: Process 'command '/usr/lib/jvm/temurin-25-jdk-amd64/bin/java'' finished with non-zero exit value 1
	at org.gradle.process.internal.DefaultExecHandle$ExecResultImpl.assertNormalExitValue(DefaultExecHandle.java:461)
	at org.gradle.process.internal.DefaultJavaExecAction.execute(DefaultJavaExecAction.java:59)
	at org.gradle.process.internal.DefaultExecActionFactory.javaexec(DefaultExecActionFactory.java:221)
	at org.gradle.process.internal.DefaultExecOperations.javaexec(DefaultExecOperations.java:42)
	at net.minecraftforge.gradle.internal.MavenizerValueSource.obtain(MavenizerValueSource.java:37)
	at net.minecraftforge.gradle.internal.MavenizerValueSource.obtain(MavenizerValueSource.java:19)
	at org.gradle.api.internal.provider.DefaultValueSourceProviderFactory$LazilyObtainedValue.lambda$new$0(DefaultValueSourceProviderFactory.java:290)
	at org.gradle.internal.model.CalculatedValueContainerFactory$SupplierBackedCalculator.calculateValue(CalculatedValueContainerFactory.java:71)
	at org.gradle.internal.model.CalculatedValueContainer$CalculationState.lambda$attachValue$0(CalculatedValueContainer.java:226)
	at org.gradle.internal.Try.ofFailable(Try.java:46)
	at org.gradle.internal.model.CalculatedValueContainer$CalculationState.attachValue(CalculatedValueContainer.java:221)
	at org.gradle.internal.model.CalculatedValueContainer.finalizeIfNotAlready(CalculatedValueContainer.java:194)
	at org.gradle.internal.model.CalculatedValueContainer.finalizeIfNotAlready(CalculatedValueContainer.java:185)
	at org.gradle.api.internal.provider.DefaultValueSourceProviderFactory$LazilyObtainedValue.obtain(DefaultValueSourceProviderFactory.java:305)
	at org.gradle.api.internal.provider.DefaultValueSourceProviderFactory$ValueSourceProvider.calculateOwnValue(DefaultValueSourceProviderFactory.java:258)
	at org.gradle.api.internal.provider.AbstractMinimalProvider.calculateOwnPresentValue(AbstractMinimalProvider.java:80)
	at org.gradle.api.internal.provider.AbstractMinimalProvider.get(AbstractMinimalProvider.java:100)
	at net.minecraftforge.gradle.internal.MavenizerInstanceImpl.invoke(MavenizerInstanceImpl.java:49)
	at org.gradle.api.internal.provider.DefaultProvider.calculateOwnValue(DefaultProvider.java:73)
	at org.gradle.api.internal.provider.AbstractMinimalProvider.calculateValue(AbstractMinimalProvider.java:115)
	at org.gradle.api.internal.provider.MapCollectors$EntriesFromMapProvider.collectEntries(MapCollectors.java:203)
	at org.gradle.api.internal.provider.DefaultMapProperty$CollectingSupplier.lambda$calculateOwnValue$0(DefaultMapProperty.java:595)
	at org.gradle.api.internal.provider.AbstractCollectingSupplier.calculateValue(AbstractCollectingSupplier.java:87)
	at org.gradle.api.internal.provider.DefaultMapProperty$CollectingSupplier.calculateOwnValue(DefaultMapProperty.java:594)
	at org.gradle.api.internal.provider.AbstractMinimalProvider.calculateValue(AbstractMinimalProvider.java:115)
	at org.gradle.api.internal.provider.AbstractCollectingSupplier.calculateValue(AbstractCollectingSupplier.java:41)
	at org.gradle.api.internal.provider.DefaultMapProperty.calculateValueFrom(DefaultMapProperty.java:349)
	at org.gradle.api.internal.provider.DefaultMapProperty.calculateValueFrom(DefaultMapProperty.java:58)
	at org.gradle.api.internal.provider.AbstractProperty.doCalculateValue(AbstractProperty.java:176)
	at org.gradle.api.internal.provider.AbstractProperty.calculateOwnValue(AbstractProperty.java:169)
	at org.gradle.api.internal.provider.AbstractMinimalProvider.calculateValue(AbstractMinimalProvider.java:115)
	at org.gradle.api.internal.provider.TransformBackedProvider.calculateOwnValue(TransformBackedProvider.java:81)
	at org.gradle.api.internal.provider.AbstractMinimalProvider.calculateValue(AbstractMinimalProvider.java:115)
	at org.gradle.api.internal.provider.TransformBackedProvider.calculateOwnValue(TransformBackedProvider.java:81)
	at org.gradle.api.internal.provider.AbstractMinimalProvider.calculateValue(AbstractMinimalProvider.java:115)
	at org.gradle.api.internal.provider.Collectors$ElementFromProvider.collectEntries(Collectors.java:105)
	at org.gradle.api.internal.provider.Collectors$TypedCollector.collectEntries(Collectors.java:367)
	at org.gradle.api.internal.provider.Collectors$TypedCollector.collectInto(Collectors.java:362)
	at org.gradle.api.internal.collections.AbstractIterationOrderRetainingElementSource$Element.realize(AbstractIterationOrderRetainingElementSource.java:364)
	at org.gradle.api.internal.collections.AbstractIterationOrderRetainingElementSource.realizePending(AbstractIterationOrderRetainingElementSource.java:154)
	at org.gradle.api.internal.DefaultDomainObjectCollection.addEagerAction(DefaultDomainObjectCollection.java:256)
	at org.gradle.api.internal.DefaultDomainObjectCollection.all(DefaultDomainObjectCollection.java:170)
	at org.gradle.api.internal.CompositeDomainObjectSet.addCollection(CompositeDomainObjectSet.java:131)
	at org.gradle.api.internal.CompositeDomainObjectSet.create(CompositeDomainObjectSet.java:65)
	at org.gradle.api.internal.collections.DefaultDomainObjectCollectionFactory.newDomainObjectSet(DefaultDomainObjectCollectionFactory.java:112)
	at org.gradle.api.internal.artifacts.configurations.DefaultConfiguration.initializeInheritedDependencies(DefaultConfiguration.java:326)
	at org.gradle.api.internal.artifacts.configurations.DefaultConfiguration.initAllDependencies(DefaultConfiguration.java:887)
	at org.gradle.api.internal.artifacts.configurations.DefaultConfiguration.getAllDependencies(DefaultConfiguration.java:877)
	at org.gradle.api.internal.artifacts.configurations.DefaultDependencyScopeConfiguration_Decorated.getAllDependencies(Unknown Source)
	at org.gradle.api.internal.artifacts.configurations.ExtendedConfigurations$RealizedExtendedConfiguration.lambda$mapToCollection$0(ExtendedConfigurations.java:119)
	at org.gradle.api.internal.provider.DefaultProvider.calculateOwnValue(DefaultProvider.java:73)
	at org.gradle.api.internal.provider.AbstractMinimalProvider.calculateOwnPresentValue(AbstractMinimalProvider.java:80)
	at org.gradle.api.internal.provider.AbstractMinimalProvider.get(AbstractMinimalProvider.java:100)
	at org.gradle.api.internal.CompositeDomainObjectSet$DomainObjectCompositeCollection$ProvidedCollection.getWithoutSideEffects(CompositeDomainObjectSet.java:257)
	at org.gradle.api.internal.CompositeDomainObjectSet$DomainObjectCompositeCollection.lambda$isEmpty$0(CompositeDomainObjectSet.java:300)
	at org.gradle.api.internal.CompositeDomainObjectSet$DomainObjectCompositeCollection.isEmpty(CompositeDomainObjectSet.java:300)
	at org.gradle.api.internal.collections.FilteredElementSource.isEmpty(FilteredElementSource.java:81)
	at org.gradle.api.internal.DefaultDomainObjectCollection.isEmpty(DefaultDomainObjectCollection.java:366)
	at net.minecraftforge.gradle.shadow.net.minecraftforge.gradleutils.shared.SharedUtil.lambda$collect$10(SharedUtil.java:555)
	at org.gradle.api.internal.DefaultCollectionCallbackActionDecorator$1.lambda$isSatisfiedBy$0(DefaultCollectionCallbackActionDecorator.java:61)
	at org.gradle.internal.code.DefaultUserCodeApplicationContext$CurrentApplication.reapply(DefaultUserCodeApplicationContext.java:110)
	at org.gradle.api.internal.DefaultCollectionCallbackActionDecorator$1.isSatisfiedBy(DefaultCollectionCallbackActionDecorator.java:61)
	at org.gradle.api.internal.collections.CollectionFilter.filter(CollectionFilter.java:48)
	at org.gradle.api.internal.collections.FilteredElementSource$FilteringIterator.findNext(FilteredElementSource.java:119)
	at org.gradle.api.internal.collections.FilteredElementSource$FilteringIterator.<init>(FilteredElementSource.java:112)
	at org.gradle.api.internal.collections.FilteredElementSource.iterator(FilteredElementSource.java:153)
	at org.gradle.api.internal.collections.FilteredElementSource.isEmpty(FilteredElementSource.java:84)
	at org.gradle.api.internal.DefaultDomainObjectCollection.isEmpty(DefaultDomainObjectCollection.java:366)
	at org.gradle.api.internal.DefaultNamedDomainObjectSet_Decorated.isEmpty(Unknown Source)
	at net.minecraftforge.gradle.shadow.net.minecraftforge.gradleutils.shared.SharedUtil.lambda$collect$11(SharedUtil.java:556)
	at org.gradle.api.internal.DefaultCollectionCallbackActionDecorator$1.lambda$isSatisfiedBy$0(DefaultCollectionCallbackActionDecorator.java:61)
	at org.gradle.internal.code.DefaultUserCodeApplicationContext$CurrentApplication.reapply(DefaultUserCodeApplicationContext.java:110)
	at org.gradle.api.internal.DefaultCollectionCallbackActionDecorator$1.isSatisfiedBy(DefaultCollectionCallbackActionDecorator.java:61)
	at org.gradle.api.internal.collections.CollectionFilter.filter(CollectionFilter.java:48)
	at org.gradle.api.internal.collections.FilteredElementSource$FilteringIterator.findNext(FilteredElementSource.java:119)
	at org.gradle.api.internal.collections.FilteredElementSource$FilteringIterator.<init>(FilteredElementSource.java:112)
	at org.gradle.api.internal.collections.FilteredElementSource.iteratorNoFlush(FilteredElementSource.java:175)
	at org.gradle.api.internal.DefaultDomainObjectCollection.iteratorNoFlush(DefaultDomainObjectCollection.java:164)
	at org.gradle.api.internal.DefaultDomainObjectCollection.configureEach(DefaultDomainObjectCollection.java:202)
	at net.minecraftforge.gradle.internal.MinecraftDependencyImpl.handle(MinecraftDependencyImpl.java:269)
	at net.minecraftforge.gradle.internal.MinecraftExtensionImpl$ForProjectImpl.finish(MinecraftExtensionImpl.java:365)
	at org.gradle.internal.code.DefaultUserCodeApplicationContext$CurrentApplication$1.execute(DefaultUserCodeApplicationContext.java:124)
	at org.gradle.configuration.internal.DefaultListenerBuildOperationDecorator$BuildOperationEmittingAction$1.run(DefaultListenerBuildOperationDecorator.java:173)
	at org.gradle.internal.operations.DefaultBuildOperationRunner$1.execute(DefaultBuildOperationRunner.java:30)
	at org.gradle.internal.operations.DefaultBuildOperationRunner$1.execute(DefaultBuildOperationRunner.java:27)
	at org.gradle.internal.operations.DefaultBuildOperationRunner$2.execute(DefaultBuildOperationRunner.java:67)
	at org.gradle.internal.operations.DefaultBuildOperationRunner$2.execute(DefaultBuildOperationRunner.java:60)
	at org.gradle.internal.operations.DefaultBuildOperationRunner.execute(DefaultBuildOperationRunner.java:167)
	at org.gradle.internal.operations.DefaultBuildOperationRunner.execute(DefaultBuildOperationRunner.java:60)
	at org.gradle.internal.operations.DefaultBuildOperationRunner.run(DefaultBuildOperationRunner.java:48)
	at org.gradle.configuration.internal.DefaultListenerBuildOperationDecorator$BuildOperationEmittingAction.execute(DefaultListenerBuildOperationDecorator.java:170)
	at org.gradle.internal.event.BroadcastDispatch$ActionInvocationHandler.dispatch(BroadcastDispatch.java:101)
	at org.gradle.internal.event.BroadcastDispatch$ActionInvocationHandler.dispatch(BroadcastDispatch.java:89)
	at org.gradle.internal.event.AbstractBroadcastDispatch.dispatch(AbstractBroadcastDispatch.java:44)
	at org.gradle.internal.event.BroadcastDispatch$SingletonDispatch.dispatch(BroadcastDispatch.java:270)
	at org.gradle.internal.event.BroadcastDispatch$SingletonDispatch.dispatch(BroadcastDispatch.java:172)
	at org.gradle.internal.event.AbstractBroadcastDispatch.dispatch(AbstractBroadcastDispatch.java:84)
	at org.gradle.internal.event.AbstractBroadcastDispatch.dispatch(AbstractBroadcastDispatch.java:70)
	at org.gradle.internal.event.BroadcastDispatch$CompositeDispatch.dispatch(BroadcastDispatch.java:382)
	at org.gradle.internal.event.BroadcastDispatch$CompositeDispatch.dispatch(BroadcastDispatch.java:274)
	at org.gradle.internal.event.ListenerBroadcast.dispatch(ListenerBroadcast.java:160)
	at org.gradle.internal.event.ListenerBroadcast.dispatch(ListenerBroadcast.java:37)
	at org.gradle.internal.dispatch.ProxyDispatchAdapter$DispatchingInvocationHandler.invoke(ProxyDispatchAdapter.java:88)
	at jdk.proxy1/jdk.proxy1.$Proxy66.afterEvaluate(Unknown Source)
	at org.gradle.configuration.project.LifecycleProjectEvaluator$NotifyAfterEvaluate$1.execute(LifecycleProjectEvaluator.java:247)
	at org.gradle.configuration.project.LifecycleProjectEvaluator$NotifyAfterEvaluate$1.execute(LifecycleProjectEvaluator.java:244)
	at org.gradle.api.internal.project.DefaultProject.stepEvaluationListener(DefaultProject.java:1525)
	at org.gradle.configuration.project.LifecycleProjectEvaluator$NotifyAfterEvaluate.run(LifecycleProjectEvaluator.java:253)
	... 164 more


BUILD FAILED in 3m 5s
