To honour the JVM settings for this build a single-use Daemon process will be forked. For more on this, please refer to https://docs.gradle.org/8.12.1/userguide/gradle_daemon.html#sec:disabling_the_daemon in the Gradle documentation.
Daemon will be stopped at the end of the build 
> Task :generatePomFileForModPublication
> Task :compileJava UP-TO-DATE
> Task :processResources UP-TO-DATE
> Task :classes UP-TO-DATE
> Task :jar UP-TO-DATE
> Task :sourcesJar UP-TO-DATE
> Task :publishModPublicationToGitHubPackagesRepository FAILED
gradle/actions: Writing build results to /home/runner/work/_temp/.gradle-actions/build-results/__run-1790325975421.json

FAILURE: Build failed with an exception.

* What went wrong:
Execution failed for task ':publishModPublicationToGitHubPackagesRepository'.
> Failed to publish publication 'mod' to repository 'GitHubPackages'
   > Could not PUT 'https://maven.pkg.github.com/RavoxX/MCVoice/io/github/ravoxx/mcvoice/voice-client-forge/0.1.0+mc1.21.8/voice-client-forge-0.1.0+mc1.21.8.jar'. Received status code 409 from server: Conflict

* Try:
> Run with --stacktrace option to get the stack trace.
> Run with --info or --debug option to get more log output.
> Run with --scan to get full insights.
> Get more help at https://help.gradle.org.

BUILD FAILED in 8s
6 actionable tasks: 2 executed, 4 up-to-date
