To honour the JVM settings for this build a single-use Daemon process will be forked. For more on this, please refer to https://docs.gradle.org/8.8/userguide/gradle_daemon.html#sec:disabling_the_daemon in the Gradle documentation.
Daemon will be stopped at the end of the build 

> Configure project :
Architectury Loom: 0.10.0.5

> Task :generatePomFileForModPublication
> Task :compileJava UP-TO-DATE
> Task :processResources UP-TO-DATE
> Task :classes UP-TO-DATE
> Task :jar UP-TO-DATE
> Task :remapJar UP-TO-DATE
> Task :sourcesJar UP-TO-DATE
> Task :remapSourcesJar UP-TO-DATE
> Task :publishModPublicationToGitHubPackagesRepository
> Task :publish
gradle/actions: Writing build results to /home/runner/work/_temp/.gradle-actions/build-results/__run-1790330236323.json

Deprecated Gradle features were used in this build, making it incompatible with Gradle 9.0.

You can use '--warning-mode all' to show the individual deprecation warnings and determine if they come from your own scripts or plugins.

For more on this, please refer to https://docs.gradle.org/8.8/userguide/command_line_interface.html#sec:command_line_warnings in the Gradle documentation.

BUILD SUCCESSFUL in 26s
8 actionable tasks: 2 executed, 6 up-to-date
