To honour the JVM settings for this build a single-use Daemon process will be forked. For more on this, please refer to https://docs.gradle.org/8.8/userguide/gradle_daemon.html#sec:disabling_the_daemon in the Gradle documentation.
Daemon will be stopped at the end of the build 

> Configure project :
Architectury Loom: 0.10.0.5
:generating dummy intermediary
:generated dummy intermediary in 826.7 ms
:patching forge
:patched forge in 19.83 s
:patching jars
:patched jars in 7.195 s
:access transforming minecraft
[19:25:11] [main/INFO]: Access Transformer processor running version 3.0.1+61+master.47bca0e
[19:25:11] [main/INFO]: Command line arguments [--inJar, /home/runner/.gradle/caches/essential-loom/1.9.4/forge/1.9.4-12.17.0.2317-1.9.4/merged-patched.jar, --outJar, /home/runner/.gradle/caches/essential-loom/1.9.4/forge/1.9.4-12.17.0.2317-1.9.4/merged-at-patched.jar, --atFile, /tmp/at-conf11643042469026458989.cfg]
[19:25:11] [main/INFO]: Reading from /home/runner/.gradle/caches/essential-loom/1.9.4/forge/1.9.4-12.17.0.2317-1.9.4/merged-patched.jar
[19:25:11] [main/INFO]: Writing to /home/runner/.gradle/caches/essential-loom/1.9.4/forge/1.9.4-12.17.0.2317-1.9.4/merged-at-patched.jar
[19:25:11] [main/INFO]: Transformer file /tmp/at-conf11643042469026458989.cfg
[19:25:11] [main/WARN]: Found existing output jar /home/runner/.gradle/caches/essential-loom/1.9.4/forge/1.9.4-12.17.0.2317-1.9.4/merged-at-patched.jar, overwriting
[19:25:13] [main/INFO]: JAR transformation complete /home/runner/.gradle/caches/essential-loom/1.9.4/forge/1.9.4-12.17.0.2317-1.9.4/merged-at-patched.jar
:access transformed minecraft in 11.15 s
:remapping minecraft (TinyRemapper, official -> intermediary)
:remapped minecraft (TinyRemapper, official -> intermediary) in 1.953 s
:remapping minecraft (TinyRemapper, official -> srg)
:remapped minecraft (TinyRemapper, official -> srg) in 1.418 s
:remapping minecraft (TinyRemapper, official -> named)
:remapped minecraft (TinyRemapper, official -> named) in 1.344 s

> Task :compileJava
Note: SpongePowered MIXIN Annotation Processor Version=0.8.5
Note: Supported obfuscation types: ObfuscationServiceFabric supports [official:intermediary,official:named,intermediary:official,intermediary:named,named:official,named:intermediary] ObfuscationServiceMCP supports [searge,notch]
Note: /home/runner/work/MCVoice/MCVoice/minecraft/forge/src-gen/java/dev/mcvoice/platform/forge/McVoiceForge.java uses or overrides a deprecated API.
Note: Recompile with -Xlint:deprecation for details.

> Task :processResources
> Task :classes
> Task :jar
> Task :remapJar
> Task :sourcesJar
> Task :assemble
> Task :compileTestJava NO-SOURCE
> Task :processTestResources NO-SOURCE
> Task :testClasses UP-TO-DATE
> Task :test NO-SOURCE
> Task :validateAccessWidener NO-SOURCE
> Task :check UP-TO-DATE

> Task :remapSourcesJar
:remapping sources

> Task :build
gradle/actions: Writing build results to /home/runner/work/_temp/.gradle-actions/build-results/build-1790277849934.json

Deprecated Gradle features were used in this build, making it incompatible with Gradle 9.0.

You can use '--warning-mode all' to show the individual deprecation warnings and determine if they come from your own scripts or plugins.

For more on this, please refer to https://docs.gradle.org/8.8/userguide/command_line_interface.html#sec:command_line_warnings in the Gradle documentation.

BUILD SUCCESSFUL in 1m 40s
6 actionable tasks: 6 executed
valid: mcvoice-0.1.0-mc1.9.4-forge.jar (327 classes, 13 platform classes, metadata ['mcmod.info'])
  platform: dev/mcvoice/platform/forge/McVoiceForge
  platform: dev/mcvoice/platform/forge/McVoiceForge$Events
  platform: dev/mcvoice/platform/mc/McAdapter
  platform: dev/mcvoice/platform/mc/McAdapter$1
  platform: dev/mcvoice/platform/mc/McAdapter$2
  platform: dev/mcvoice/platform/mc/McAdapter$3
  platform: dev/mcvoice/platform/mc/McAdapter$4
  platform: dev/mcvoice/platform/mc/McAdapter$5
  platform: dev/mcvoice/platform/mc/McCanvas
  platform: dev/mcvoice/platform/mc/McLogging
  platform: dev/mcvoice/platform/mc/McLogging$1
  platform: dev/mcvoice/platform/mc/McScreen
  platform: dev/mcvoice/platform/mc/PlatformInfo
