To honour the JVM settings for this build a single-use Daemon process will be forked. For more on this, please refer to https://docs.gradle.org/8.8/userguide/gradle_daemon.html#sec:disabling_the_daemon in the Gradle documentation.
Daemon will be stopped at the end of the build 

> Configure project :
Architectury Loom: 0.10.0.5

> Task :generatePomFileForModPublication
> Task :compileJava UP-TO-DATE
> Task :processResources UP-TO-DATE
> Task :classes UP-TO-DATE
> Task :jar UP-TO-DATE
> Task :remapJar UP-TO-DATE
> Task :sourcesJar UP-TO-DATE
> Task :remapSourcesJar UP-TO-DATE
> Task :publishModPublicationToGitHubPackagesRepository FAILED
gradle/actions: Writing build results to /home/runner/work/_temp/.gradle-actions/build-results/__run-1790326048019.json

FAILURE: Build failed with an exception.

* What went wrong:
Execution failed for task ':publishModPublicationToGitHubPackagesRepository'.
> Failed to publish publication 'mod' to repository 'GitHubPackages'
   > Could not PUT 'https://maven.pkg.github.com/RavoxX/MCVoice/io/github/ravoxx/mcvoice/voice-client-forge/0.1.0+mc1.9.4/voice-client-forge-0.1.0+mc1.9.4.jar'. Received status code 409 from server: Conflict

* Try:
> Run with --stacktrace option to get the stack trace.
> Run with --info or --debug option to get more log output.
> Run with --scan to get full insights.
> Get more help at https://help.gradle.org.

Deprecated Gradle features were used in this build, making it incompatible with Gradle 9.0.

You can use '--warning-mode all' to show the individual deprecation warnings and determine if they come from your own scripts or plugins.

For more on this, please refer to https://docs.gradle.org/8.8/userguide/command_line_interface.html#sec:command_line_warnings in the Gradle documentation.

BUILD FAILED in 7s
8 actionable tasks: 2 executed, 6 up-to-date
